ELF Header:
  Magic:   7f 45 4c 46 01 01 01 00 00 00 00 00 00 00 00 00 
  Class:                             ELF32
  Data:                              2's complement, little endian
  Version:                           1 (current)
  OS/ABI:                            UNIX - System V
  ABI Version:                       0
  Type:                              EXEC (Executable file)
  Machine:                           CSKY
  Version:                           0x1
  Entry point address:               0x108
  Start of program headers:          52 (bytes into file)
  Start of section headers:          234104 (bytes into file)
  Flags:                             0x21000000
  Size of this header:               52 (bytes)
  Size of program headers:           32 (bytes)
  Number of program headers:         2
  Size of section headers:           40 (bytes)
  Number of section headers:         134
  Section header string table index: 131

Section Headers:
  [Nr] Name              Type            Addr     Off    Size   ES Flg Lk Inf Al
  [ 0]                   NULL            00000000 000000 000000 00      0   0  0
  [ 1] .text             PROGBITS        00000000 001000 0005b8 00  AX  0   0 1024
  [ 2] .text.__main      PROGBITS        000005b8 0015b8 000038 00  AX  0   0  4
  [ 3] .text.BT_DeInit   PROGBITS        000005f0 0015f0 00001c 00  AX  0   0  2
  [ 4] .text.BT_IO_Init  PROGBITS        0000060c 00160c 00014c 00  AX  0   0  4
  [ 5] .text.BT_Start    PROGBITS        00000758 001758 000008 00  AX  0   0  2
  [ 6] .text.BT_Configur PROGBITS        00000760 001760 000018 00  AX  0   0  2
  [ 7] .text.BT_ControlS PROGBITS        00000778 001778 00002c 00  AX  0   0  2
  [ 8] .text.BT_Period_C PROGBITS        000007a4 0017a4 000006 00  AX  0   0  2
  [ 9] .text.BT_ConfigIn PROGBITS        000007aa 0017aa 000012 00  AX  0   0  2
  [10] .text.BT0_INT_ENA PROGBITS        000007bc 0017bc 000010 00  AX  0   0  4
  [11] .text.GPIO_Init   PROGBITS        000007cc 0017cc 0000e0 00  AX  0   0  4
  [12] .text.GPIO_Write_ PROGBITS        000008ac 0018ac 000008 00  AX  0   0  2
  [13] .text.GPIO_Write_ PROGBITS        000008b4 0018b4 000008 00  AX  0   0  2
  [14] .text.GPIO_Revers PROGBITS        000008bc 0018bc 000016 00  AX  0   0  2
  [15] .text.I2C_DeInit  PROGBITS        000008d4 0018d4 000018 00  AX  0   0  4
  [16] .text.I2C_Slave_C PROGBITS        000008ec 0018ec 00013c 00  AX  0   0  4
  [17] .text.I2C_SDA_TSE PROGBITS        00000a28 001a28 000014 00  AX  0   0  4
  [18] .text.I2C_ConfigI PROGBITS        00000a3c 001a3c 00001c 00  AX  0   0  4
  [19] .text.I2C_FIFO_Tr PROGBITS        00000a58 001a58 000010 00  AX  0   0  4
  [20] .text.I2C_Enable  PROGBITS        00000a68 001a68 00001c 00  AX  0   0  4
  [21] .text.I2C_Disable PROGBITS        00000a84 001a84 00001c 00  AX  0   0  4
  [22] .text.I2C_Int_Ena PROGBITS        00000aa0 001aa0 000010 00  AX  0   0  4
  [23] .text.I2C_Slave_R PROGBITS        00000ab0 001ab0 000180 00  AX  0   0  4
  [24] .text.SYSCON_Gene PROGBITS        00000c30 001c30 000074 00  AX  0   0  4
  [25] .text.SYSCON_RST_ PROGBITS        00000ca4 001ca4 000058 00  AX  0   0  4
  [26] .text.SYSCON_Gene PROGBITS        00000cfc 001cfc 000030 00  AX  0   0  4
  [27] .text.SystemCLK_H PROGBITS        00000d2c 001d2c 000074 00  AX  0   0  4
  [28] .text.SYSCON_HFOS PROGBITS        00000da0 001da0 000028 00  AX  0   0  4
  [29] .text.SYSCON_WDT_ PROGBITS        00000dc8 001dc8 00003c 00  AX  0   0  4
  [30] .text.SYSCON_IWDC PROGBITS        00000e04 001e04 000014 00  AX  0   0  4
  [31] .text.SYSCON_IWDC PROGBITS        00000e18 001e18 000018 00  AX  0   0  4
  [32] .text.SYSCON_LVD_ PROGBITS        00000e30 001e30 000020 00  AX  0   0  4
  [33] .text.EXTI_trigge PROGBITS        00000e50 001e50 000040 00  AX  0   0  4
  [34] .text.SYSCON_INT_ PROGBITS        00000e90 001e90 000020 00  AX  0   0  4
  [35] .text.UART1_DeIni PROGBITS        00000eb0 001eb0 000018 00  AX  0   0  4
  [36] .text.UART_IO_Ini PROGBITS        00000ec8 001ec8 0000ec 00  AX  0   0  4
  [37] .text.UARTInitRxT PROGBITS        00000fb4 001fb4 000010 00  AX  0   0  2
  [38] .text.UARTTxByte  PROGBITS        00000fc4 001fc4 00000e 00  AX  0   0  2
  [39] .text.WWDT_CNT_Lo PROGBITS        00000fd4 001fd4 000010 00  AX  0   0  4
  [40] .text.delay_nms   PROGBITS        00000fe4 001fe4 00002c 00  AX  0   0  2
  [41] .text.GPIO_CONFIG PROGBITS        00001010 002010 000024 00  AX  0   0  4
  [42] .text.BT_CONFIG   PROGBITS        00001034 002034 000068 00  AX  0   0  4
  [43] .text.I2C_SLAVE_C PROGBITS        0000109c 00209c 000068 00  AX  0   0  2
  [44] .text.UART1_CONFI PROGBITS        00001104 002104 000020 00  AX  0   0  4
  [45] .text.SYSCON_CONF PROGBITS        00001124 002124 000054 00  AX  0   0  2
  [46] .text.APT32S1028_ PROGBITS        00001178 002178 000038 00  AX  0   0  4
  [47] .text.CORETHandle PROGBITS        000011b0 0021b0 000018 00  AX  0   0  4
[...]
	Removing .text.RTC_Stop(Obj/FWlib_apt32s1028_rtc.o), (44 bytes).
	Removing .text.RTC_TIMR_DATR_SET(Obj/FWlib_apt32s1028_rtc.o), (68 bytes).
	Removing .text.RTC_TIMR_DATR_Read(Obj/FWlib_apt32s1028_rtc.o), (84 bytes).
	Removing .text.RTC_Alarm_TIMR_DATR_SET(Obj/FWlib_apt32s1028_rtc.o), (148 bytes).
	Removing .text.RTC_AlarmA_TIMR_DATR_Read(Obj/FWlib_apt32s1028_rtc.o), (60 bytes).
	Removing .text.RTC_AlarmB_TIMR_DATR_Read(Obj/FWlib_apt32s1028_rtc.o), (60 bytes).
	Removing .text.RTC_TRGSRC0_Config(Obj/FWlib_apt32s1028_rtc.o), (40 bytes).
	Removing .text.RTC_TRGSRC1_Config(Obj/FWlib_apt32s1028_rtc.o), (40 bytes).
	Removing .text.RTC_TRGSRC0_SWFTRG(Obj/FWlib_apt32s1028_rtc.o), (16 bytes).
	Removing .text.RTC_TRGSRC1_SWFTRG(Obj/FWlib_apt32s1028_rtc.o), (16 bytes).
	Removing .text.RTC_Int_Enable(Obj/FWlib_apt32s1028_rtc.o), (20 bytes).
	Removing .text.RTC_Int_Disable(Obj/FWlib_apt32s1028_rtc.o), (16 bytes).
	Removing .text.RTC_Vector_Int_Enable(Obj/FWlib_apt32s1028_rtc.o), (16 bytes).
	Removing .text.RTC_Vector_Int_Disable(Obj/FWlib_apt32s1028_rtc.o), (16 bytes).
	Removing .text.RTC_WakeUp_Enable(Obj/FWlib_apt32s1028_rtc.o), (16 bytes).
	Removing .text.RTC_WakeUp_Disable(Obj/FWlib_apt32s1028_rtc.o), (16 bytes).
	Removing .debug_info(Obj/FWlib_apt32s1028_rtc.o), (8822 bytes).
	Removing .debug_abbrev(Obj/FWlib_apt32s1028_rtc.o), (494 bytes).
	Removing .debug_loc(Obj/FWlib_apt32s1028_rtc.o), (535 bytes).
	Removing .debug_aranges(Obj/FWlib_apt32s1028_rtc.o), (192 bytes).
	Removing .debug_ranges(Obj/FWlib_apt32s1028_rtc.o), (176 bytes).
	Removing .debug_line(Obj/FWlib_apt32s1028_rtc.o), (595 bytes).
	Removing .debug_str(Obj/FWlib_apt32s1028_rtc.o), (4851 bytes).
	Removing .comment(Obj/FWlib_apt32s1028_rtc.o), (67 bytes).
	Removing .debug_frame(Obj/FWlib_apt32s1028_rtc.o), (428 bytes).
	Removing .csky.attributes(Obj/FWlib_apt32s1028_rtc.o), (32 bytes).
	Removing COMMON(Obj/FWlib_apt32s1028_rtc.o), (15 bytes).
	Removing .text(Obj/FWlib_apt32s1028_sio.o), (0 bytes).
	Removing .data(Obj/FWlib_apt32s1028_sio.o), (0 bytes).
	Removing .bss(Obj/FWlib_apt32s1028_sio.o), (0 bytes).
	Removing .text.SIO_DeInit(Obj/FWlib_apt32s1028_sio.o), (32 bytes).
	Removing .text.SIO_IO_Init(Obj/FWlib_apt32s1028_sio.o), (96 bytes).
	Removing .text.SIO_TX_Init(Obj/FWlib_apt32s1028_sio.o), (16 bytes).
	Removing .text.SIO_TX_Configure(Obj/FWlib_apt32s1028_sio.o), (80 bytes).
	Removing .text.SIO_TXBUF_Set(Obj/FWlib_apt32s1028_sio.o), (156 bytes).
	Removing .text.SIO_RX_Init(Obj/FWlib_apt32s1028_sio.o), (20 bytes).
	Removing .text.SIO_RX_Configure0(Obj/FWlib_apt32s1028_sio.o), (96 bytes).
	Removing .text.SIO_RX_Configure1(Obj/FWlib_apt32s1028_sio.o), (32 bytes).
	Removing .text.SIO_ConfigInterrupt_CMD(Obj/FWlib_apt32s1028_sio.o), (28 bytes).
	Removing .text.SIO_INT_ENABLE(Obj/FWlib_apt32s1028_sio.o), (16 bytes).
	Removing .text.SIO_INT_DISABLE(Obj/FWlib_apt32s1028_sio.o), (16 bytes).
	Removing .debug_info(Obj/FWlib_apt32s1028_sio.o), (8676 bytes).
	Removing .debug_abbrev(Obj/FWlib_apt32s1028_sio.o), (405 bytes).
	Removing .debug_loc(Obj/FWlib_apt32s1028_sio.o), (1996 bytes).
	Removing .debug_aranges(Obj/FWlib_apt32s1028_sio.o), (112 bytes).
	Removing .debug_ranges(Obj/FWlib_apt32s1028_sio.o), (96 bytes).
	Removing .debug_line(Obj/FWlib_apt32s1028_sio.o), (395 bytes).
	Removing .debug_str(Obj/FWlib_apt32s1028_sio.o), (4132 bytes).
	Removing .comment(Obj/FWlib_apt32s1028_sio.o), (67 bytes).
	Removing .debug_frame(Obj/FWlib_apt32s1028_sio.o), (260 bytes).
	Removing .csky.attributes(Obj/FWlib_apt32s1028_sio.o), (32 bytes).
	Removing .text(Obj/FWlib_apt32s1028_spi.o), (0 bytes).
	Removing .data(Obj/FWlib_apt32s1028_spi.o), (0 bytes).
	Removing .bss(Obj/FWlib_apt32s1028_spi.o), (0 bytes).
	Removing .text.SPI_DeInit(Obj/FWlib_apt32s1028_spi.o), (32 bytes).
	Removing .text.SPI_NSS_IO_Init(Obj/FWlib_apt32s1028_spi.o), (52 bytes).
	Removing .text.SPI_Master_Init(Obj/FWlib_apt32s1028_spi.o), (176 bytes).
	Removing .text.SPI_Slave_Init(Obj/FWlib_apt32s1028_spi.o), (156 bytes).
	Removing .text.SPI_WRITE_BYTE(Obj/FWlib_apt32s1028_spi.o), (32 bytes).
	Removing .text.SPI_READ_BYTE(Obj/FWlib_apt32s1028_spi.o), (100 bytes).
	Removing .text.SPI_ConfigInterrupt_CMD(Obj/FWlib_apt32s1028_spi.o), (28 bytes).
	Removing .text.SPI_Int_Enable(Obj/FWlib_apt32s1028_spi.o), (16 bytes).
	Removing .text.SPI_Int_Disable(Obj/FWlib_apt32s1028_spi.o), (16 bytes).
	Removing .text.SPI_Wakeup_Enable(Obj/FWlib_apt32s1028_spi.o), (16 bytes).
	Removing .text.SPI_Wakeup_Disable(Obj/FWlib_apt32s1028_spi.o), (16 bytes).
	Removing .debug_info(Obj/FWlib_apt32s1028_spi.o), (7861 bytes).
	Removing .debug_abbrev(Obj/FWlib_apt32s1028_spi.o), (402 bytes).
	Removing .debug_loc(Obj/FWlib_apt32s1028_spi.o), (641 bytes).
	Removing .debug_aranges(Obj/FWlib_apt32s1028_spi.o), (112 bytes).
	Removing .debug_ranges(Obj/FWlib_apt32s1028_spi.o), (96 bytes).
	Removing .debug_line(Obj/FWlib_apt32s1028_spi.o), (411 bytes).
	Removing .debug_str(Obj/FWlib_apt32s1028_spi.o), (3535 bytes).
	Removing .comment(Obj/FWlib_apt32s1028_spi.o), (67 bytes).
	Removing .debug_frame(Obj/FWlib_apt32s1028_spi.o), (240 bytes).
	Removing .csky.attributes(Obj/FWlib_apt32s1028_spi.o), (32 bytes).
	Removing .text(Obj/FWlib_apt32s1028_syscon.o), (0 bytes).
	Removing .data(Obj/FWlib_apt32s1028_syscon.o), (0 bytes).
	Removing .bss(Obj/FWlib_apt32s1028_syscon.o), (0 bytes).
	Removing .text.EMOSC_OSTR_Config(Obj/FWlib_apt32s1028_syscon.o), (28 bytes).
	Removing .text.SYSCON_IMOSC_SELECTE(Obj/FWlib_apt32s1028_syscon.o), (40 bytes).
	Removing .text.LVD_Int_Enable(Obj/FWlib_apt32s1028_syscon.o), (28 bytes).
	Removing .text.LVD_Int_Disable(Obj/FWlib_apt32s1028_syscon.o), (16 bytes).
	Removing .text.IWDT_Int_Enable(Obj/FWlib_apt32s1028_syscon.o), (28 bytes).
	Removing .text.IWDT_Int_Disable(Obj/FWlib_apt32s1028_syscon.o), (16 bytes).
	Removing .text.Read_Reset_Status(Obj/FWlib_apt32s1028_syscon.o), (24 bytes).
	Removing .text.EXTI_interrupt_CMD(Obj/FWlib_apt32s1028_syscon.o), (52 bytes).
	Removing .text.GPIO_EXTI_interrupt(Obj/FWlib_apt32s1028_syscon.o), (4 bytes).
	Removing .text.PCLK_goto_idle_mode(Obj/FWlib_apt32s1028_syscon.o), (6 bytes).
	Removing .text.PCLK_goto_deepsleep_mode(Obj/FWlib_apt32s1028_syscon.o), (20 bytes).
	Removing .text.EXI0_Int_Enable(Obj/FWlib_apt32s1028_syscon.o), (12 bytes).
	Removing .text.EXI0_Int_Disable(Obj/FWlib_apt32s1028_syscon.o), (12 bytes).
	Removing .text.EXI1_Int_Enable(Obj/FWlib_apt32s1028_syscon.o), (16 bytes).
	Removing .text.EXI1_Int_Disable(Obj/FWlib_apt32s1028_syscon.o), (16 bytes).
	Removing .text.EXI2_Int_Enable(Obj/FWlib_apt32s1028_syscon.o), (16 bytes).
	Removing .text.EXI2_Int_Disable(Obj/FWlib_apt32s1028_syscon.o), (16 bytes).
	Removing .text.EXI3_Int_Enable(Obj/FWlib_apt32s1028_syscon.o), (16 bytes).
	Removing .text.EXI3_Int_Disable(Obj/FWlib_apt32s1028_syscon.o), (16 bytes).
	Removing .text.EXI4_Int_Enable(Obj/FWlib_apt32s1028_syscon.o), (16 bytes).
	Removing .text.EXI4_Int_Disable(Obj/FWlib_apt32s1028_syscon.o), (16 bytes).
	Removing .text.EXI0_WakeUp_Enable(Obj/FWlib_apt32s1028_syscon.o), (12 bytes).
	Removing .text.EXI0_WakeUp_Disable(Obj/FWlib_apt32s1028_syscon.o), (12 bytes).
	Removing .text.EXI1_WakeUp_Enable(Obj/FWlib_apt32s1028_syscon.o), (16 bytes).
	Removing .text.EXI1_WakeUp_Disable(Obj/FWlib_apt32s1028_syscon.o), (16 bytes).
	Removing .text.EXI2_WakeUp_Enable(Obj/FWlib_apt32s1028_syscon.o), (16 bytes).
	Removing .text.EXI2_WakeUp_Disable(Obj/FWlib_apt32s1028_syscon.o), (16 bytes).
	Removing .text.EXI3_WakeUp_Enable(Obj/FWlib_apt32s1028_syscon.o), (16 bytes).
	Removing .text.EXI3_WakeUp_Disable(Obj/FWlib_apt32s1028_syscon.o), (16 bytes).
	Removing .text.EXI4_WakeUp_Enable(Obj/FWlib_apt32s1028_syscon.o), (16 bytes).
	Removing .text.EXI4_WakeUp_Disable(Obj/FWlib_apt32s1028_syscon.o), (16 bytes).
	Removing .text.SYSCON_Int_Enable(Obj/FWlib_apt32s1028_syscon.o), (12 bytes).
	Removing .text.SYSCON_Int_Disable(Obj/FWlib_apt32s1028_syscon.o), (12 bytes).
	Removing .text.SYSCON_WakeUp_Enable(Obj/FWlib_apt32s1028_syscon.o), (12 bytes).
	Removing .text.SYSCON_CLO_CONFIG(Obj/FWlib_apt32s1028_syscon.o), (52 bytes).
	Removing .text.SYSCON_WakeUp_Disable(Obj/FWlib_apt32s1028_syscon.o), (12 bytes).
	Removing .text.SYSCON_Read_CINF0(Obj/FWlib_apt32s1028_syscon.o), (16 bytes).
	Removing .text.SYSCON_Read_CINF1(Obj/FWlib_apt32s1028_syscon.o), (16 bytes).
	Removing .text.SYSCON_Software_Reset(Obj/FWlib_apt32s1028_syscon.o), (20 bytes).
	Removing .text(Obj/FWlib_apt32s1028_tkey_parameter.o), (0 bytes).
	Removing .data(Obj/FWlib_apt32s1028_tkey_parameter.o), (0 bytes).
	Removing .bss(Obj/FWlib_apt32s1028_tkey_parameter.o), (0 bytes).
	Removing .text.tk_parameter_init(Obj/FWlib_apt32s1028_tkey_parameter.o), (288 bytes).
	Removing .debug_info(Obj/FWlib_apt32s1028_tkey_parameter.o), (7527 bytes).
	Removing .debug_abbrev(Obj/FWlib_apt32s1028_tkey_parameter.o), (353 bytes).
	Removing .debug_aranges(Obj/FWlib_apt32s1028_tkey_parameter.o), (32 bytes).
	Removing .debug_ranges(Obj/FWlib_apt32s1028_tkey_parameter.o), (16 bytes).
	Removing .debug_line(Obj/FWlib_apt32s1028_tkey_parameter.o), (232 bytes).
	Removing .debug_str(Obj/FWlib_apt32s1028_tkey_parameter.o), (3128 bytes).
	Removing .comment(Obj/FWlib_apt32s1028_tkey_parameter.o), (67 bytes).
	Removing .debug_frame(Obj/FWlib_apt32s1028_tkey_parameter.o), (32 bytes).
	Removing .csky.attributes(Obj/FWlib_apt32s1028_tkey_parameter.o), (32 bytes).
	Removing COMMON(Obj/FWlib_apt32s1028_tkey_parameter.o), (134 bytes).
	Removing .text(Obj/FWlib_apt32s1028_uart.o), (0 bytes).
	Removing .data(Obj/FWlib_apt32s1028_uart.o), (0 bytes).
	Removing .text.UART0_DeInit(Obj/FWlib_apt32s1028_uart.o), (24 bytes).
	Removing .text.UART2_DeInit(Obj/FWlib_apt32s1028_uart.o), (24 bytes).
	Removing .text.UART0_Int_Enable(Obj/FWlib_apt32s1028_uart.o), (28 bytes).
	Removing .text.UART0_Int_Disable(Obj/FWlib_apt32s1028_uart.o), (16 bytes).
	Removing .text.UART1_Int_Enable(Obj/FWlib_apt32s1028_uart.o), (28 bytes).
	Removing .text.UART1_Int_Disable(Obj/FWlib_apt32s1028_uart.o), (16 bytes).
	Removing .text.UART2_Int_Enable(Obj/FWlib_apt32s1028_uart.o), (28 bytes).
	Removing .text.UART2_Int_Disable(Obj/FWlib_apt32s1028_uart.o), (16 bytes).
	Removing .text.UART0_WakeUp_Enable(Obj/FWlib_apt32s1028_uart.o), (16 bytes).
	Removing .text.UART0_WakeUp_Disable(Obj/FWlib_apt32s1028_uart.o), (16 bytes).
	Removing .text.UART1_WakeUp_Enable(Obj/FWlib_apt32s1028_uart.o), (16 bytes).
	Removing .text.UART1_WakeUp_Disable(Obj/FWlib_apt32s1028_uart.o), (16 bytes).
	Removing .text.UART2_WakeUp_Enable(Obj/FWlib_apt32s1028_uart.o), (16 bytes).
	Removing .text.UART2_WakeUp_Disable(Obj/FWlib_apt32s1028_uart.o), (16 bytes).
	Removing .text.UARTInit(Obj/FWlib_apt32s1028_uart.o), (16 bytes).
	Removing .text.UARTInitRxIntEn(Obj/FWlib_apt32s1028_uart.o), (16 bytes).
	Removing .text.UARTClose(Obj/FWlib_apt32s1028_uart.o), (6 bytes).
	Removing .text.UARTTransmit(Obj/FWlib_apt32s1028_uart.o), (30 bytes).
	Removing .text.UARTRxByte(Obj/FWlib_apt32s1028_uart.o), (22 bytes).
	Removing .text.UART_ReturnRxByte(Obj/FWlib_apt32s1028_uart.o), (24 bytes).
	Removing .text.UARTReceive(Obj/FWlib_apt32s1028_uart.o), (56 bytes).
	Removing .text(Obj/FWlib_apt32s1028_wwdt.o), (0 bytes).
	Removing .data(Obj/FWlib_apt32s1028_wwdt.o), (0 bytes).
	Removing .bss(Obj/FWlib_apt32s1028_wwdt.o), (0 bytes).
	Removing .text.WWDT_DeInit(Obj/FWlib_apt32s1028_wwdt.o), (28 bytes).
	Removing .text.WWDT_CONFIG(Obj/FWlib_apt32s1028_wwdt.o), (24 bytes).
	Removing .text.WWDT_CMD(Obj/FWlib_apt32s1028_wwdt.o), (24 bytes).
	Removing .text.WWDT_Int_Config(Obj/FWlib_apt32s1028_wwdt.o), (52 bytes).
	Removing .text(Obj/apt32s1028_initial.o), (0 bytes).
	Removing .data(Obj/apt32s1028_initial.o), (0 bytes).
	Removing .bss(Obj/apt32s1028_initial.o), (0 bytes).
	Removing .text.delay_nus(Obj/apt32s1028_initial.o), (34 bytes).
	Removing .text.CORET_CONFIG(Obj/apt32s1028_initial.o), (56 bytes).
	Removing .text.EPT0_CONFIG(Obj/apt32s1028_initial.o), (292 bytes).
	Removing .text.GPT0_CONFIG(Obj/apt32s1028_initial.o), (168 bytes).
	Removing .text.LPT_CONFIG(Obj/apt32s1028_initial.o), (104 bytes).
	Removing .text.COUNTA_CONFIG(Obj/apt32s1028_initial.o), (64 bytes).
	Removing .text.RTC_CONFIG(Obj/apt32s1028_initial.o), (184 bytes).
	Removing .text.ET_CONFIG(Obj/apt32s1028_initial.o), (32 bytes).
	Removing .text.SIO_CONFIG(Obj/apt32s1028_initial.o), (64 bytes).
	Removing .text.SPI_MASTER_CONFIG(Obj/apt32s1028_initial.o), (56 bytes).
	Removing .text.SPI_SLAVE_CONFIG(Obj/apt32s1028_initial.o), (50 bytes).
	Removing .text.I2C_MASTER_CONFIG(Obj/apt32s1028_initial.o), (48 bytes).
	Removing .text.UART0_CONFIG(Obj/apt32s1028_initial.o), (36 bytes).
	Removing .text.UART2_CONFIG(Obj/apt32s1028_initial.o), (36 bytes).
	Removing .text.IFC_CONFIG(Obj/apt32s1028_initial.o), (20 bytes).
	Removing .text.ADC12_CONFIG(Obj/apt32s1028_initial.o), (74 bytes).
	Removing .text(Obj/apt32s1028_interrupt.o), (0 bytes).
	Removing .data(Obj/apt32s1028_interrupt.o), (0 bytes).
	Removing .bss(Obj/apt32s1028_interrupt.o), (0 bytes).
	Removing .text.SystemDesPtr(Obj/apt32s1028_interrupt.o), (2 bytes).
	Removing .text(Obj/main.o), (0 bytes).
	Removing .data(Obj/main.o), (0 bytes).
	Removing .bss(Obj/main.o), (0 bytes).
	Removing .text.putchar(Obj/main.o), (36 bytes).
	Removing .text(Obj/drivers_apt32s1028.o), (0 bytes).
	Removing .bss(Obj/drivers_apt32s1028.o), (0 bytes).
	Removing .text.__divsi3(Obj/drivers_apt32s1028.o), (36 bytes).
	Removing .text.__modsi3(Obj/drivers_apt32s1028.o), (36 bytes).
	Removing .text(Obj/drivers_apt32s1028_ck801.o), (0 bytes).
	Removing .data(Obj/drivers_apt32s1028_ck801.o), (0 bytes).
	Removing .bss(Obj/drivers_apt32s1028_ck801.o), (0 bytes).
	Removing .text.CK801_Init(Obj/drivers_apt32s1028_ck801.o), (108 bytes).
	Removing .text.force_interrupt(Obj/drivers_apt32s1028_ck801.o), (24 bytes).
	Removing .text.CK_CPU_DisAllNormalIrq(Obj/drivers_apt32s1028_ck801.o), (6 bytes).
	Removing .text(Obj/FreeRTOS_croutine.o), (0 bytes).
	Removing .data(Obj/FreeRTOS_croutine.o), (0 bytes).
	Removing .bss(Obj/FreeRTOS_croutine.o), (0 bytes).
	Removing .debug_info(Obj/FreeRTOS_croutine.o), (227 bytes).
	Removing .debug_abbrev(Obj/FreeRTOS_croutine.o), (93 bytes).
	Removing .debug_aranges(Obj/FreeRTOS_croutine.o), (24 bytes).
	Removing .debug_line(Obj/FreeRTOS_croutine.o), (206 bytes).
	Removing .debug_str(Obj/FreeRTOS_croutine.o), (382 bytes).
	Removing .comment(Obj/FreeRTOS_croutine.o), (67 bytes).
	Removing .csky.attributes(Obj/FreeRTOS_croutine.o), (32 bytes).
	Removing .text(Obj/FreeRTOS_event_groups.o), (0 bytes).
	Removing .data(Obj/FreeRTOS_event_groups.o), (0 bytes).
	Removing .bss(Obj/FreeRTOS_event_groups.o), (0 bytes).
	Removing .text.xEventGroupCreate(Obj/FreeRTOS_event_groups.o), (28 bytes).
	Removing .text.xEventGroupWaitBits(Obj/FreeRTOS_event_groups.o), (264 bytes).
	Removing .text.xEventGroupClearBits(Obj/FreeRTOS_event_groups.o), (76 bytes).
	Removing .text.xEventGroupGetBitsFromISR(Obj/FreeRTOS_event_groups.o), (16 bytes).
	Removing .text.xEventGroupSetBits(Obj/FreeRTOS_event_groups.o), (168 bytes).
	Removing .text.xEventGroupSync(Obj/FreeRTOS_event_groups.o), (212 bytes).
	Removing .text.vEventGroupDelete(Obj/FreeRTOS_event_groups.o), (92 bytes).
	Removing .text.vEventGroupSetBitsCallback(Obj/FreeRTOS_event_groups.o), (8 bytes).
	Removing .text.vEventGroupClearBitsCallback(Obj/FreeRTOS_event_groups.o), (8 bytes).
	Removing .rodata.str1.1(Obj/FreeRTOS_event_groups.o), (41 bytes).
	Removing .debug_info(Obj/FreeRTOS_event_groups.o), (2078 bytes).
	Removing .debug_abbrev(Obj/FreeRTOS_event_groups.o), (590 bytes).
	Removing .debug_loc(Obj/FreeRTOS_event_groups.o), (2301 bytes).
	Removing .debug_aranges(Obj/FreeRTOS_event_groups.o), (96 bytes).
	Removing .debug_ranges(Obj/FreeRTOS_event_groups.o), (168 bytes).
	Removing .debug_line(Obj/FreeRTOS_event_groups.o), (877 bytes).
	Removing .debug_str(Obj/FreeRTOS_event_groups.o), (1319 bytes).
	Removing .comment(Obj/FreeRTOS_event_groups.o), (67 bytes).
	Removing .debug_frame(Obj/FreeRTOS_event_groups.o), (280 bytes).
	Removing .csky.attributes(Obj/FreeRTOS_event_groups.o), (32 bytes).
	Removing .text(Obj/FreeRTOS_list.o), (0 bytes).
	Removing .data(Obj/FreeRTOS_list.o), (0 bytes).
	Removing .bss(Obj/FreeRTOS_list.o), (0 bytes).
	Removing .text(Obj/FreeRTOS_queue.o), (0 bytes).
	Removing .data(Obj/FreeRTOS_queue.o), (0 bytes).
	Removing .bss(Obj/FreeRTOS_queue.o), (0 bytes).
	Removing .text.prvIsQueueEmpty(Obj/FreeRTOS_queue.o), (20 bytes).
	Removing .text.prvCopyDataToQueue(Obj/FreeRTOS_queue.o), (108 bytes).
	Removing .text.prvCopyDataFromQueue(Obj/FreeRTOS_queue.o), (36 bytes).
	Removing .text.prvUnlockQueue(Obj/FreeRTOS_queue.o), (114 bytes).
	Removing .text.xQueueGenericReset(Obj/FreeRTOS_queue.o), (188 bytes).
	Removing .text.xQueueGenericCreate(Obj/FreeRTOS_queue.o), (100 bytes).
	Removing .text.xQueueCreateCountingSemaphore(Obj/FreeRTOS_queue.o), (52 bytes).
	Removing .text.xQueueGenericSend(Obj/FreeRTOS_queue.o), (372 bytes).
	Removing .text.xQueueCreateMutex(Obj/FreeRTOS_queue.o), (38 bytes).
	Removing .text.xQueueGenericSendFromISR(Obj/FreeRTOS_queue.o), (216 bytes).
	Removing .text.xQueueGiveFromISR(Obj/FreeRTOS_queue.o), (196 bytes).
	Removing .text.xQueueReceive(Obj/FreeRTOS_queue.o), (336 bytes).
	Removing .text.xQueueSemaphoreTake(Obj/FreeRTOS_queue.o), (388 bytes).
	Removing .text.xQueuePeek(Obj/FreeRTOS_queue.o), (332 bytes).
	Removing .text.xQueueReceiveFromISR(Obj/FreeRTOS_queue.o), (192 bytes).
	Removing .text.xQueuePeekFromISR(Obj/FreeRTOS_queue.o), (112 bytes).
	Removing .text.uxQueueMessagesWaiting(Obj/FreeRTOS_queue.o), (48 bytes).
	Removing .text.uxQueueSpacesAvailable(Obj/FreeRTOS_queue.o), (52 bytes).
	Removing .text.uxQueueMessagesWaitingFromISR(Obj/FreeRTOS_queue.o), (36 bytes).
	Removing .text.xQueueIsQueueEmptyFromISR(Obj/FreeRTOS_queue.o), (40 bytes).
	Removing .text.xQueueIsQueueFullFromISR(Obj/FreeRTOS_queue.o), (40 bytes).
	Removing .text.vQueueAddToRegistry(Obj/FreeRTOS_queue.o), (88 bytes).
	Removing .text.pcQueueGetName(Obj/FreeRTOS_queue.o), (72 bytes).
	Removing .text.vQueueUnregisterQueue(Obj/FreeRTOS_queue.o), (72 bytes).
	Removing .text.vQueueDelete(Obj/FreeRTOS_queue.o), (44 bytes).
	Removing .rodata.str1.1(Obj/FreeRTOS_queue.o), (34 bytes).
	Removing .debug_info(Obj/FreeRTOS_queue.o), (4750 bytes).
	Removing .debug_abbrev(Obj/FreeRTOS_queue.o), (709 bytes).
	Removing .debug_loc(Obj/FreeRTOS_queue.o), (5664 bytes).
	Removing .debug_aranges(Obj/FreeRTOS_queue.o), (224 bytes).
	Removing .debug_ranges(Obj/FreeRTOS_queue.o), (568 bytes).
	Removing .debug_line(Obj/FreeRTOS_queue.o), (1875 bytes).
	Removing .debug_str(Obj/FreeRTOS_queue.o), (2221 bytes).
	Removing .comment(Obj/FreeRTOS_queue.o), (67 bytes).
	Removing .debug_frame(Obj/FreeRTOS_queue.o), (752 bytes).
	Removing .csky.attributes(Obj/FreeRTOS_queue.o), (32 bytes).
	Removing COMMON(Obj/FreeRTOS_queue.o), (80 bytes).
	Removing .text(Obj/FreeRTOS_tasks.o), (0 bytes).
	Removing .text.uxTaskPriorityGet(Obj/FreeRTOS_tasks.o), (36 bytes).
	Removing .text.uxTaskPriorityGetFromISR(Obj/FreeRTOS_tasks.o), (28 bytes).
	Removing .text.vTaskPrioritySet(Obj/FreeRTOS_tasks.o), (228 bytes).
	Removing .text.vTaskResume(Obj/FreeRTOS_tasks.o), (176 bytes).
	Removing .text.xTaskResumeFromISR(Obj/FreeRTOS_tasks.o), (184 bytes).
	Removing .text.vTaskEndScheduler(Obj/FreeRTOS_tasks.o), (24 bytes).
	Removing .text.xTaskGetTickCount(Obj/FreeRTOS_tasks.o), (24 bytes).
	Removing .text.xTaskGetTickCountFromISR(Obj/FreeRTOS_tasks.o), (24 bytes).
	Removing .text.uxTaskGetNumberOfTasks(Obj/FreeRTOS_tasks.o), (12 bytes).
	Removing .text.pcTaskGetName(Obj/FreeRTOS_tasks.o), (48 bytes).
	Removing .text.xTaskDelayUntil(Obj/FreeRTOS_tasks.o), (180 bytes).
	Removing .text.xTaskCatchUpTicks(Obj/FreeRTOS_tasks.o), (68 bytes).
	Removing .text.vTaskSuspend(Obj/FreeRTOS_tasks.o), (192 bytes).
	Removing .text.vTaskPlaceOnEventList(Obj/FreeRTOS_tasks.o), (56 bytes).
	Removing .text.vTaskPlaceOnUnorderedEventList(Obj/FreeRTOS_tasks.o), (116 bytes).
	Removing .text.xTaskRemoveFromEventList(Obj/FreeRTOS_tasks.o), (208 bytes).
	Removing .text.vTaskRemoveFromUnorderedEventList(Obj/FreeRTOS_tasks.o), (192 bytes).
	Removing .text.vTaskSetTimeOutState(Obj/FreeRTOS_tasks.o), (60 bytes).
	Removing .text.vTaskInternalSetTimeOutState(Obj/FreeRTOS_tasks.o), (20 bytes).
	Removing .text.xTaskCheckForTimeOut(Obj/FreeRTOS_tasks.o), (128 bytes).
	Removing .text.vTaskMissedYield(Obj/FreeRTOS_tasks.o), (12 bytes).
	Removing .text.xTaskGetCurrentTaskHandle(Obj/FreeRTOS_tasks.o), (12 bytes).
	Removing .text.xTaskPriorityInherit(Obj/FreeRTOS_tasks.o), (148 bytes).
	Removing .text.xTaskPriorityDisinherit(Obj/FreeRTOS_tasks.o), (156 bytes).
	Removing .text.vTaskPriorityDisinheritAfterTimeout(Obj/FreeRTOS_tasks.o), (176 bytes).
	Removing .text.uxTaskResetEventItemValue(Obj/FreeRTOS_tasks.o), (24 bytes).
	Removing .text.pvTaskIncrementMutexHeldCount(Obj/FreeRTOS_tasks.o), (24 bytes).
	Removing .text.ulTaskGenericNotifyTake(Obj/FreeRTOS_tasks.o), (152 bytes).
	Removing .text.xTaskGenericNotifyWait(Obj/FreeRTOS_tasks.o), (184 bytes).
	Removing .text.xTaskGenericNotify(Obj/FreeRTOS_tasks.o), (308 bytes).
	Removing .text.xTaskGenericNotifyFromISR(Obj/FreeRTOS_tasks.o), (340 bytes).
	Removing .text.vTaskGenericNotifyGiveFromISR(Obj/FreeRTOS_tasks.o), (260 bytes).
	Removing .text.xTaskGenericNotifyStateClear(Obj/FreeRTOS_tasks.o), (76 bytes).
	Removing .text.ulTaskGenericNotifyValueClear(Obj/FreeRTOS_tasks.o), (44 bytes).
	Removing .text(Obj/FreeRTOS_timers.o), (0 bytes).
	Removing .data(Obj/FreeRTOS_timers.o), (0 bytes).
	Removing .bss(Obj/FreeRTOS_timers.o), (0 bytes).
	Removing .debug_info(Obj/FreeRTOS_timers.o), (227 bytes).
	Removing .debug_abbrev(Obj/FreeRTOS_timers.o), (93 bytes).
	Removing .debug_aranges(Obj/FreeRTOS_timers.o), (24 bytes).
	Removing .debug_line(Obj/FreeRTOS_timers.o), (206 bytes).
	Removing .debug_str(Obj/FreeRTOS_timers.o), (380 bytes).
	Removing .comment(Obj/FreeRTOS_timers.o), (67 bytes).
	Removing .csky.attributes(Obj/FreeRTOS_timers.o), (32 bytes).
	Removing .text(Obj/MemMang_heap_4.o), (0 bytes).
	Removing .data(Obj/MemMang_heap_4.o), (0 bytes).
	Removing .text.xPortGetFreeHeapSize(Obj/MemMang_heap_4.o), (12 bytes).
	Removing .text.xPortGetMinimumEverFreeHeapSize(Obj/MemMang_heap_4.o), (12 bytes).
	Removing .text.vPortInitialiseBlocks(Obj/MemMang_heap_4.o), (2 bytes).
	Removing .text.pvPortCalloc(Obj/MemMang_heap_4.o), (56 bytes).
	Removing .text.vPortGetHeapStats(Obj/MemMang_heap_4.o), (112 bytes).
	Removing .text(Obj/E801_port.o), (0 bytes).
	Removing .text.vPortEndScheduler(Obj/E801_port.o), (2 bytes).
	Removing .text.vPortYieldHandler(Obj/E801_port.o), (20 bytes).
	Removing .data(Obj/E801_portasm.o), (0 bytes).
	Removing .bss(Obj/E801_portasm.o), (0 bytes).
	Removing .text(Obj/__rt_entry.o), (240 bytes).
	Removing .data(Obj/__rt_entry.o), (0 bytes).
	Removing .bss(Obj/__rt_entry.o), (0 bytes).
	Removing .debug_line(Obj/__rt_entry.o), (131 bytes).
	Removing .debug_info(Obj/__rt_entry.o), (107 bytes).
	Removing .debug_abbrev(Obj/__rt_entry.o), (20 bytes).
	Removing .debug_aranges(Obj/__rt_entry.o), (32 bytes).
	Removing .csky.attributes(Obj/__rt_entry.o), (32 bytes).
	Removing .text(FWlib_apt32f102_clkcalib.o), (0 bytes).
	Removing .data(FWlib_apt32f102_clkcalib.o), (0 bytes).
	Removing .bss(FWlib_apt32f102_clkcalib.o), (0 bytes).
	Removing .data(_csky_case_uqi.o), (0 bytes).
	Removing .bss(_csky_case_uqi.o), (0 bytes).
	Removing .data(printf_required.o), (0 bytes).
	Removing .bss(printf_required.o), (0 bytes).
	Removing .data(puts.o), (0 bytes).
	Removing .bss(puts.o), (0 bytes).
	Removing .data(vprintf_required.o), (0 bytes).
	Removing .bss(vprintf_required.o), (0 bytes).
	Removing .text(stdinit.o), (0 bytes).
	Removing .bss(stdinit.o), (0 bytes).
	Removing .data(fputs.o), (0 bytes).
	Removing .bss(fputs.o), (0 bytes).
	Removing .data(memset_fast.o), (0 bytes).
	Removing .bss(memset_fast.o), (0 bytes).
	Removing .data(memcpy_fast.o), (0 bytes).
	Removing .bss(memcpy_fast.o), (0 bytes).
	Removing .data(critical.o), (0 bytes).
	Removing .bss(critical.o), (0 bytes).
	Removing .data(__v2_printfDS.o), (0 bytes).
	Removing .bss(__v2_printfDS.o), (0 bytes).

725 unused seciton(s) (total 270249 bytes) removed from the image.

======================================================================

Image Symbol Table 

	Local Symbols

	Symbol Name                        Value        Type   Size  Section
	FWlib_apt32f102_clkcalib.o         0x00000000     df        0  *ABS*
	Obj/E801_port.o                    0x00000000     df        0  *ABS*
	Obj/E801_portasm.o                 0x00000000     df        0  *ABS*
	Obj/FWlib_apt32s1028_bt.o          0x00000000     df        0  *ABS*
	Obj/FWlib_apt32s1028_gpio.o        0x00000000     df        0  *ABS*
	Obj/FWlib_apt32s1028_i2c.o         0x00000000     df        0  *ABS*
	Obj/FWlib_apt32s1028_syscon.o      0x00000000     df        0  *ABS*
	Obj/FWlib_apt32s1028_uart.o        0x00000000     df        0  *ABS*
	Obj/FWlib_apt32s1028_wwdt.o        0x00000000     df        0  *ABS*
	Obj/FreeRTOS_list.o                0x00000000     df        0  *ABS*
	Obj/FreeRTOS_tasks.o               0x00000000     df        0  *ABS*
	Obj/MemMang_heap_4.o               0x00000000     df        0  *ABS*
	Obj/apt32s1028_initial.o           0x00000000     df        0  *ABS*
	Obj/apt32s1028_interrupt.o         0x00000000     df        0  *ABS*
	Obj/arch_crt0.o                    0x00000000     df        0  *ABS*
	Obj/arch_mem_init.o                0x00000000     df        0  *ABS*
	Obj/drivers_apt32s1028.o           0x00000000     df        0  *ABS*
	Obj/drivers_apt32s1028_ck801.o     0x00000000     df        0  *ABS*
	Obj/main.o                         0x00000000     df        0  *ABS*
	__v2_printfDS.o                    0x00000000     df        0  *ABS*
	_csky_case_uqi.o                   0x00000000     df        0  *ABS*
	critical.o                         0x00000000     df        0  *ABS*
	fputs.o                            0x00000000     df        0  *ABS*
	memcpy_fast.o                      0x00000000     df        0  *ABS*
	memset_fast.o                      0x00000000     df        0  *ABS*
	printf_required.o                  0x00000000     df        0  *ABS*
	puts.o                             0x00000000     df        0  *ABS*
	stdinit.o                          0x00000000     df        0  *ABS*
	vprintf_required.o                 0x00000000     df        0  *ABS*
	$d                                 0x00000000               0  .text
	$t                                 0x00000108               0  .text
	INIT_KERLE_STACK                   0x0000013a               0  .text
	__to_main                          0x00000142               0  .text
	__dummy                            0x0000017e               0  .text
	$d                                 0x00000182               0  .text
	$t                                 0x000001b0               0  .text
	$d                                 0x0000025a               0  .text
	$d                                 0x00000260               0  .text
	$t                                 0x00000260               0  .text
	$d                                 0x00000274               0  .text
	$t                                 0x00000274               0  .text
	$d                                 0x00000298               0  .text
	$t                                 0x00000298               0  .text
	$d                                 0x000002ac               0  .text
	$d                                 0x000002b0               0  .text
	$t                                 0x000002b0               0  .text
	$d                                 0x000002e0               0  .text
	$t                                 0x000002e4               0  .text
	$d                                 0x00000300               0  .text
	$d                                 0x00000304               0  .text
	$t                                 0x00000304               0  .text
	$d                                 0x0000034c               0  .text
	$t                                 0x0000034c               0  .text
	$d                                 0x000003d4               0  .text
	$t                                 0x000003d4               0  .text
	$d                                 0x00000438               0  .text
	$t                                 0x00000438               0  .text
	$d                                 0x00000448               0  .text
	$t                                 0x00000448               0  .text
	$d                                 0x000005b8               0  .text.__main
	$t                                 0x000005b8               0  .text.__main
	$d                                 0x000005dc               0  .text.__main
	$d                                 0x000005f0               0  .text.BT_DeInit
	$t                                 0x000005f0               0  .text.BT_DeInit
	$d                                 0x0000060c               0  .text.BT_IO_Init
	$t                                 0x0000060c               0  .text.BT_IO_Init
	$d                                 0x00000750               0  .text.BT_IO_Init
	$d                                 0x00000758               0  .text.BT_Start
	$t                                 0x00000758               0  .text.BT_Start
	$d                                 0x00000760               0  .text.BT_Configure
	$t                                 0x00000760               0  .text.BT_Configure
	$d                                 0x00000778               0  .text.BT_ControlSet_Configure
	$t                                 0x00000778               0  .text.BT_ControlSet_Configure
	$d                                 0x000007a4               0  .text.BT_Period_CMP_Write
	$t                                 0x000007a4               0  .text.BT_Period_CMP_Write
	$d                                 0x000007aa               0  .text.BT_ConfigInterrupt_CMD
	$t                                 0x000007aa               0  .text.BT_ConfigInterrupt_CMD
	$d                                 0x000007bc               0  .text.BT0_INT_ENABLE
	$t                                 0x000007bc               0  .text.BT0_INT_ENABLE
	$d                                 0x000007c8               0  .text.BT0_INT_ENABLE
	$d                                 0x000007cc               0  .text.GPIO_Init
	$t                                 0x000007cc               0  .text.GPIO_Init
	$d                                 0x000007de               0  .text.GPIO_Init
	$t                                 0x000007e6               0  .text.GPIO_Init
	$d                                 0x00000842               0  .text.GPIO_Init
	$t                                 0x0000084a               0  .text.GPIO_Init
	$d                                 0x00000898               0  .text.GPIO_Init
	$d                                 0x000008ac               0  .text.GPIO_Write_High
	$t                                 0x000008ac               0  .text.GPIO_Write_High
	$d                                 0x000008b4               0  .text.GPIO_Write_Low
	$t                                 0x000008b4               0  .text.GPIO_Write_Low
	$d                                 0x000008bc               0  .text.GPIO_Reverse
	$t                                 0x000008bc               0  .text.GPIO_Reverse
	$d                                 0x000008d4               0  .text.I2C_DeInit
	$t                                 0x000008d4               0  .text.I2C_DeInit
	$d                                 0x000008e4               0  .text.I2C_DeInit
	$d                                 0x000008ec               0  .text.I2C_Slave_CONFIG
	$t                                 0x000008ec               0  .text.I2C_Slave_CONFIG
	$d                                 0x00000a18               0  .text.I2C_Slave_CONFIG
	$d                                 0x00000a28               0  .text.I2C_SDA_TSETUP_THOLD_CONFIG
	$t                                 0x00000a28               0  .text.I2C_SDA_TSETUP_THOLD_CONFIG
	$d                                 0x00000a38               0  .text.I2C_SDA_TSETUP_THOLD_CONFIG
	$d                                 0x00000a3c               0  .text.I2C_ConfigInterrupt_CMD
	$t                                 0x00000a3c               0  .text.I2C_ConfigInterrupt_CMD
	$d                                 0x00000a54               0  .text.I2C_ConfigInterrupt_CMD
	$d                                 0x00000a58               0  .text.I2C_FIFO_TriggerData
	$t                                 0x00000a58               0  .text.I2C_FIFO_TriggerData
	$d                                 0x00000a64               0  .text.I2C_FIFO_TriggerData
	$d                                 0x00000a68               0  .text.I2C_Enable
	$t                                 0x00000a68               0  .text.I2C_Enable
	$d                                 0x00000a80               0  .text.I2C_Enable
	$d                                 0x00000a84               0  .text.I2C_Disable
	$t                                 0x00000a84               0  .text.I2C_Disable
	$d                                 0x00000a9c               0  .text.I2C_Disable
	$d                                 0x00000aa0               0  .text.I2C_Int_Enable
	$t                                 0x00000aa0               0  .text.I2C_Int_Enable
	$d                                 0x00000aac               0  .text.I2C_Int_Enable
	$d                                 0x00000ab0               0  .text.I2C_Slave_Receive
	$t                                 0x00000ab0               0  .text.I2C_Slave_Receive
	$d                                 0x00000c08               0  .text.I2C_Slave_Receive
	SYSCON_General_CMD.part.0          0x00000c30      F      116  .text.SYSCON_General_CMD.part.0
	$d                                 0x00000c30               0  .text.SYSCON_General_CMD.part.0
	$t                                 0x00000c30               0  .text.SYSCON_General_CMD.part.0
	$d                                 0x00000c9c               0  .text.SYSCON_General_CMD.part.0
	$d                                 0x00000ca4               0  .text.SYSCON_RST_VALUE
	$t                                 0x00000ca4               0  .text.SYSCON_RST_VALUE
	$d                                 0x00000ce0               0  .text.SYSCON_RST_VALUE
	$d                                 0x00000cfc               0  .text.SYSCON_General_CMD
	$t                                 0x00000cfc               0  .text.SYSCON_General_CMD
	$d                                 0x00000d28               0  .text.SYSCON_General_CMD
	$d                                 0x00000d2c               0  .text.SystemCLK_HCLKDIV_PCLKDIV_Config
	$t                                 0x00000d2c               0  .text.SystemCLK_HCLKDIV_PCLKDIV_Config
	$d                                 0x00000d90               0  .text.SystemCLK_HCLKDIV_PCLKDIV_Config
	$d                                 0x00000da0               0  .text.SYSCON_HFOSC_SELECTE
	$t                                 0x00000da0               0  .text.SYSCON_HFOSC_SELECTE
	$d                                 0x00000dc4               0  .text.SYSCON_HFOSC_SELECTE
	$d                                 0x00000dc8               0  .text.SYSCON_WDT_CMD
	$t                                 0x00000dc8               0  .text.SYSCON_WDT_CMD
	$d                                 0x00000df8               0  .text.SYSCON_WDT_CMD
	$d                                 0x00000e04               0  .text.SYSCON_IWDCNT_Reload
	$t                                 0x00000e04               0  .text.SYSCON_IWDCNT_Reload
	$d                                 0x00000e14               0  .text.SYSCON_IWDCNT_Reload
	$d                                 0x00000e18               0  .text.SYSCON_IWDCNT_Config
	$t                                 0x00000e18               0  .text.SYSCON_IWDCNT_Config
	$d                                 0x00000e28               0  .text.SYSCON_IWDCNT_Config
	$d                                 0x00000e30               0  .text.SYSCON_LVD_Config
	$t                                 0x00000e30               0  .text.SYSCON_LVD_Config
	$d                                 0x00000e48               0  .text.SYSCON_LVD_Config
	$d                                 0x00000e50               0  .text.EXTI_trigger_CMD
	$t                                 0x00000e50               0  .text.EXTI_trigger_CMD
	$d                                 0x00000e8c               0  .text.EXTI_trigger_CMD
	$d                                 0x00000e90               0  .text.SYSCON_INT_Priority
	$t                                 0x00000e90               0  .text.SYSCON_INT_Priority
	$d                                 0x00000ea8               0  .text.SYSCON_INT_Priority
	$d                                 0x00000eb0               0  .text.UART1_DeInit
	$t                                 0x00000eb0               0  .text.UART1_DeInit
	$d                                 0x00000ec4               0  .text.UART1_DeInit
	$d                                 0x00000ec8               0  .text.UART_IO_Init
	$t                                 0x00000ec8               0  .text.UART_IO_Init
	$d                                 0x00000fac               0  .text.UART_IO_Init
	$d                                 0x00000fb4               0  .text.UARTInitRxTxIntEn
	$t                                 0x00000fb4               0  .text.UARTInitRxTxIntEn
	$d                                 0x00000fc4               0  .text.UARTTxByte
	$t                                 0x00000fc4               0  .text.UARTTxByte
	$d                                 0x00000fd4               0  .text.WWDT_CNT_Load
	$t                                 0x00000fd4               0  .text.WWDT_CNT_Load
	$d                                 0x00000fe0               0  .text.WWDT_CNT_Load
	$d                                 0x00000fe4               0  .text.delay_nms
	$t                                 0x00000fe4               0  .text.delay_nms
	$d                                 0x00001010               0  .text.GPIO_CONFIG
	$t                                 0x00001010               0  .text.GPIO_CONFIG
	$d                                 0x00001030               0  .text.GPIO_CONFIG
	$d                                 0x00001034               0  .text.BT_CONFIG
	$t                                 0x00001034               0  .text.BT_CONFIG
	$d                                 0x00001094               0  .text.BT_CONFIG
	$d                                 0x0000109c               0  .text.I2C_SLAVE_CONFIG
	$t                                 0x0000109c               0  .text.I2C_SLAVE_CONFIG
	$d                                 0x00001104               0  .text.UART1_CONFIG
	$t                                 0x00001104               0  .text.UART1_CONFIG
	$d                                 0x00001120               0  .text.UART1_CONFIG
	$d                                 0x00001124               0  .text.SYSCON_CONFIG
	$t                                 0x00001124               0  .text.SYSCON_CONFIG
	$d                                 0x00001178               0  .text.APT32S1028_init
	$t                                 0x00001178               0  .text.APT32S1028_init
	$d                                 0x000011a8               0  .text.APT32S1028_init
	$d                                 0x000011b0               0  .text.CORETHandler
	$t                                 0x000011b0               0  .text.CORETHandler
	$d                                 0x000011c4               0  .text.CORETHandler
	$d                                 0x000011c8               0  .text.SYSCONIntHandler
	$t                                 0x000011c8               0  .text.SYSCONIntHandler
	$d                                 0x000012a8               0  .text.SYSCONIntHandler
	$d                                 0x000012ac               0  .text.IFCIntHandler
	$t                                 0x000012ac               0  .text.IFCIntHandler
	$d                                 0x00001380               0  .text.IFCIntHandler
	$d                                 0x00001398               0  .text.EPT0IntHandler
	$t                                 0x00001398               0  .text.EPT0IntHandler
	$d                                 0x00001534               0  .text.EPT0IntHandler
	$d                                 0x00001540               0  .text.WWDTHandler
	$t                                 0x00001540               0  .text.WWDTHandler
	$d                                 0x00001584               0  .text.WWDTHandler
	$d                                 0x0000158c               0  .text.GPT0IntHandler
	$t                                 0x0000158c               0  .text.GPT0IntHandler
	$d                                 0x0000163c               0  .text.GPT0IntHandler
	$d                                 0x00001640               0  .text.RTCIntHandler
	$t                                 0x00001640               0  .text.RTCIntHandler
	$d                                 0x000016a8               0  .text.RTCIntHandler
	$d                                 0x000016b0               0  .text.UART0IntHandler
	$t                                 0x000016b0               0  .text.UART0IntHandler
	$d                                 0x000016f8               0  .text.UART0IntHandler
	$d                                 0x00001704               0  .text.UART1IntHandler
	$t                                 0x00001704               0  .text.UART1IntHandler
	$d                                 0x0000174c               0  .text.UART1IntHandler
	$d                                 0x00001758               0  .text.UART2IntHandler
	$t                                 0x00001758               0  .text.UART2IntHandler
	$d                                 0x000017a0               0  .text.UART2IntHandler
	$d                                 0x000017ac               0  .text.I2CIntHandler
	$t                                 0x000017ac               0  .text.I2CIntHandler
	$d                                 0x000017c0               0  .text.SPI0IntHandler
	$t                                 0x000017c0               0  .text.SPI0IntHandler
	$d                                 0x000017f8               0  .text.SPI0IntHandler
	$d                                 0x000017fc               0  .text.SIO0IntHandler
	$t                                 0x000017fc               0  .text.SIO0IntHandler
	$d                                 0x00001874               0  .text.SIO0IntHandler
	$d                                 0x00001880               0  .text.EXI0IntHandler
	$t                                 0x00001880               0  .text.EXI0IntHandler
	$d                                 0x0000189c               0  .text.EXI0IntHandler
	$d                                 0x000018a0               0  .text.EXI1IntHandler
	$t                                 0x000018a0               0  .text.EXI1IntHandler
	$d                                 0x000018bc               0  .text.EXI1IntHandler
	$d                                 0x000018c0               0  .text.EXI2to3IntHandler
	$t                                 0x000018c0               0  .text.EXI2to3IntHandler
	$d                                 0x000018e8               0  .text.EXI2to3IntHandler
	$d                                 0x000018ec               0  .text.EXI4to9IntHandler
	$t                                 0x000018ec               0  .text.EXI4to9IntHandler
	$d                                 0x00001944               0  .text.EXI4to9IntHandler
	$d                                 0x00001948               0  .text.EXI10to15IntHandler
	$t                                 0x00001948               0  .text.EXI10to15IntHandler
	$d                                 0x000019a4               0  .text.EXI10to15IntHandler
	$d                                 0x000019a8               0  .text.LPTIntHandler
	$t                                 0x000019a8               0  .text.LPTIntHandler
	$d                                 0x000019d8               0  .text.LPTIntHandler
	$d                                 0x000019dc               0  .text.BT0IntHandler
	$t                                 0x000019dc               0  .text.BT0IntHandler
	$d                                 0x00001a2c               0  .text.BT0IntHandler
	$d                                 0x00001a30               0  .text.BT1IntHandler
	$t                                 0x00001a30               0  .text.BT1IntHandler
	$d                                 0x00001a70               0  .text.BT1IntHandler
	$d                                 0x00001a78               0  .text.PriviledgeVioHandler
	$t                                 0x00001a78               0  .text.PriviledgeVioHandler
	$d                                 0x00001a7a               0  .text.PendTrapHandler
	$t                                 0x00001a7a               0  .text.PendTrapHandler
	$d                                 0x00001a82               0  .text.Trap3Handler
	$t                                 0x00001a82               0  .text.Trap3Handler
	$d                                 0x00001a8a               0  .text.Trap2Handler
	$t                                 0x00001a8a               0  .text.Trap2Handler
	$d                                 0x00001a92               0  .text.Trap1Handler
	$t                                 0x00001a92               0  .text.Trap1Handler
	$d                                 0x00001a9a               0  .text.Trap0Handler
	$t                                 0x00001a9a               0  .text.Trap0Handler
	$d                                 0x00001aa2               0  .text.UnrecExecpHandler
	$t                                 0x00001aa2               0  .text.UnrecExecpHandler
	$d                                 0x00001aaa               0  .text.BreakPointHandler
	$t                                 0x00001aaa               0  .text.BreakPointHandler
	$d                                 0x00001ab2               0  .text.AccessErrHandler
	$t                                 0x00001ab2               0  .text.AccessErrHandler
	$d                                 0x00001aba               0  .text.IllegalInstrHandler
	$t                                 0x00001aba               0  .text.IllegalInstrHandler
	$d                                 0x00001ac2               0  .text.MisalignedHandler
	$t                                 0x00001ac2               0  .text.MisalignedHandler
	$d                                 0x00001aca               0  .text.CNTAIntHandler
	$t                                 0x00001aca               0  .text.CNTAIntHandler
	$d                                 0x00001ad2               0  .text.ADCIntHandler
	$t                                 0x00001ad2               0  .text.ADCIntHandler
	$d                                 0x00001adc               0  .text.Task1
	$t                                 0x00001adc               0  .text.Task1
	$d                                 0x00001af0               0  .text.Task1
	$d                                 0x00001af4               0  .text.Task2
	$t                                 0x00001af4               0  .text.Task2
	$d                                 0x00001b08               0  .text.Task2
	$d                                 0x00001b0c               0  .text.StartTask
	$t                                 0x00001b0c               0  .text.StartTask
	$d                                 0x00001b74               0  .text.StartTask
	$d                                 0x00001ba8               0  .text.fputc
	$t                                 0x00001ba8               0  .text.fputc
	$d                                 0x00001bc8               0  .text.fputc
	$d                                 0x00001bcc               0  .text.startup.main
	$t                                 0x00001bcc               0  .text.startup.main
	$d                                 0x00001c08               0  .text.startup.main
	$d                                 0x00001c20               0  .text.__udivsi3
	$t                                 0x00001c20               0  .text.__udivsi3
	$d                                 0x00001c40               0  .text.__udivsi3
	$d                                 0x00001c44               0  .text.__umodsi3
	$t                                 0x00001c44               0  .text.__umodsi3
	$d                                 0x00001c64               0  .text.__umodsi3
	$d                                 0x00001c68               0  .text.CK_CPU_EnAllNormalIrq
	$t                                 0x00001c68               0  .text.CK_CPU_EnAllNormalIrq
	$d                                 0x00001c6e               0  .text.vListInitialise
	$t                                 0x00001c6e               0  .text.vListInitialise
	$d                                 0x00001c82               0  .text.vListInitialiseItem
	$t                                 0x00001c82               0  .text.vListInitialiseItem
	$d                                 0x00001c88               0  .text.vListInsertEnd
	$t                                 0x00001c88               0  .text.vListInsertEnd
	$d                                 0x00001ca0               0  .text.vListInsert
	$t                                 0x00001ca0               0  .text.vListInsert
	$d                                 0x00001cd0               0  .text.uxListRemove
	$t                                 0x00001cd0               0  .text.uxListRemove
	prvResetNextTaskUnblockTime        0x00001cf4      F       28  .text.prvResetNextTaskUnblockTime
	$d                                 0x00001cf4               0  .text.prvResetNextTaskUnblockTime
	$t                                 0x00001cf4               0  .text.prvResetNextTaskUnblockTime
	$d                                 0x00001d0c               0  .text.prvResetNextTaskUnblockTime
	prvAddCurrentTaskToDelayedList     0x00001d10      F      128  .text.prvAddCurrentTaskToDelayedList
	$d                                 0x00001d10               0  .text.prvAddCurrentTaskToDelayedList
	$t                                 0x00001d10               0  .text.prvAddCurrentTaskToDelayedList
	$d                                 0x00001d8c               0  .text.prvAddCurrentTaskToDelayedList
	prvIdleTask                        0x00001d90      F      108  .text.prvIdleTask
	$d                                 0x00001d90               0  .text.prvIdleTask
	$t                                 0x00001d90               0  .text.prvIdleTask
	$d                                 0x00001dec               0  .text.prvIdleTask
	$d                                 0x00001dfc               0  .text.xTaskCreate
	$t                                 0x00001dfc               0  .text.xTaskCreate
	$d                                 0x00001fa8               0  .text.xTaskCreate
	$d                                 0x00001fc0               0  .text.vTaskDelete
	$t                                 0x00001fc0               0  .text.vTaskDelete
	$d                                 0x0000205c               0  .text.vTaskDelete
	$d                                 0x0000207c               0  .text.vTaskStartScheduler
	$t                                 0x0000207c               0  .text.vTaskStartScheduler
	$d                                 0x000020cc               0  .text.vTaskStartScheduler
	$d                                 0x000020e8               0  .text.vTaskSuspendAll
	$t                                 0x000020e8               0  .text.vTaskSuspendAll
	$d                                 0x000020f4               0  .text.vTaskSuspendAll
	$d                                 0x000020f8               0  .text.xTaskIncrementTick
	$t                                 0x000020f8               0  .text.xTaskIncrementTick
	$d                                 0x00002224               0  .text.xTaskIncrementTick
	$d                                 0x00002238               0  .text.xTaskResumeAll
	$t                                 0x00002238               0  .text.xTaskResumeAll
	$d                                 0x00002358               0  .text.xTaskResumeAll
	$d                                 0x00002374               0  .text.vTaskDelay
	$t                                 0x00002374               0  .text.vTaskDelay
	$d                                 0x000023c4               0  .text.vTaskDelay
	$d                                 0x000023dc               0  .text.vTaskSwitchContext
	$t                                 0x000023dc               0  .text.vTaskSwitchContext
	$d                                 0x0000245c               0  .text.vTaskSwitchContext
	prvInsertBlockIntoFreeList         0x00002470      F       68  .text.prvInsertBlockIntoFreeList
	$d                                 0x00002470               0  .text.prvInsertBlockIntoFreeList
	$t                                 0x00002470               0  .text.prvInsertBlockIntoFreeList
	$d                                 0x000024b0               0  .text.prvInsertBlockIntoFreeList
	$d                                 0x000024b4               0  .text.pvPortMalloc
	$t                                 0x000024b4               0  .text.pvPortMalloc
	$d                                 0x000025c0               0  .text.pvPortMalloc
	$d                                 0x000025dc               0  .text.vPortFree
	$t                                 0x000025dc               0  .text.vPortFree
	$d                                 0x00002634               0  .text.vPortFree
	$d                                 0x00002644               0  .text.pxPortInitialiseStack
	$t                                 0x00002644               0  .text.pxPortInitialiseStack
	$d                                 0x000026bc               0  .text.pxPortInitialiseStack
	$d                                 0x000026e4               0  .text.xPortStartScheduler
	$t                                 0x000026e4               0  .text.xPortStartScheduler
	$d                                 0x000026f4               0  .text.xPortStartScheduler
	$d                                 0x000026f8               0  .text.vPortEnterCritical
	$t                                 0x000026f8               0  .text.vPortEnterCritical
	$d                                 0x00002708               0  .text.vPortEnterCritical
	$d                                 0x0000270c               0  .text.vPortExitCritical
	$t                                 0x0000270c               0  .text.vPortExitCritical
	$d                                 0x00002738               0  .text.vPortExitCritical
	$d                                 0x00002740               0  .text.xPortSysTickHandler
	$t                                 0x00002740               0  .text.xPortSysTickHandler
	$d                                 0x00002770               0  .text.xPortSysTickHandler
	$d                                 0x00002778               0  .text.vApplicationStackOverflowHook
	$t                                 0x00002778               0  .text.vApplicationStackOverflowHook
	$d                                 0x0000277a               0  .text.vApplicationMallocFailedHook
	$t                                 0x0000277a               0  .text.vApplicationMallocFailedHook
	$d                                 0x0000277c               0  .text.std_clk_calib
	$t                                 0x0000277c               0  .text.std_clk_calib
	$d                                 0x000029cc               0  .text.std_clk_calib
	__stderr                           0x20000074      O       28  .data
	__stdout                           0x20000094      O       28  .data
	__stdin                            0x200000b4      O       28  .data
	pxDelayedTaskList                  0x200000dc      O        4  .bss
	xNextTaskUnblockTime               0x200000e0      O        4  .bss
	xTickCount                         0x200000e4      O        4  .bss
	xSuspendedTaskList                 0x200000ec      O       20  .bss
	pxOverflowDelayedTaskList          0x20000100      O        4  .bss
	xTasksWaitingTermination           0x20000104      O       20  .bss
	uxCurrentNumberOfTasks             0x20000118      O        4  .bss
	uxDeletedTasksWaitingCleanUp       0x2000011c      O        4  .bss
	pxReadyTasksLists                  0x20000120      O      100  .bss
	xDelayedTaskList1                  0x20000184      O       20  .bss
	xDelayedTaskList2                  0x20000198      O       20  .bss
	xPendingReadyList                  0x200001ac      O       20  .bss
	xSchedulerRunning                  0x200001c0      O        4  .bss
	uxTaskNumber                       0x200001c4      O        4  .bss
	uxTopReadyPriority                 0x200001c8      O        4  .bss
	uxSchedulerSuspended               0x200001cc      O        4  .bss
	xYieldPending                      0x200001d0      O        4  .bss
	xIdleTaskHandle                    0x200001d4      O        4  .bss
	xNumOfOverflows                    0x200001d8      O        4  .bss
	xPendedTicks                       0x200001dc      O        4  .bss
	xStart                             0x200001e0      O        8  .bss
	pxEnd                              0x200001e8      O        4  .bss
	ucHeap                             0x200001ec      O     3072  .bss
	xMinimumEverFreeBytesRemaining     0x20000dec      O        4  .bss
	xFreeBytesRemaining                0x20000df0      O        4  .bss
	xNumberOfSuccessfulAllocations     0x20000df4      O        4  .bss
	xNumberOfSuccessfulFrees           0x20000df8      O        4  .bss

	Global Symbols

	Symbol Name                        Value        Type   Size  Section
	vector_table                       0x00000000               0  .text
	__start                            0x00000108               0  .text
	__exit                             0x0000015c               0  .text
	__fail                             0x00000172               0  .text
	DummyHandler                       0x00000180               0  .text
	vPortStartTask                     0x000001b0      F        0  .text
	vPortYield                         0x000001ea      F        0  .text
	___gnu_csky_case_uqi               0x00000260      F       20  .text
	__cskyvprintfprintf                0x00000274      F       34  .text
	__GI_puts                          0x00000298      F       24  .text
	puts                               0x00000298    w F       24  .text
	__stdio_outs                       0x000002b0    w F       52  .text
	__cskyvprintfvprintf               0x000002e4      F       32  .text
	__GI_fputs                         0x00000304      F       72  .text
	fputs                              0x00000304    w F       72  .text
	__memset_fast                      0x0000034c    w F      136  .text
	memset                             0x0000034c    w F      136  .text
	__memcpy_fast                      0x000003d4    w F      100  .text
	memcpy                             0x000003d4    w F      100  .text
	__GI_os_critical_open              0x00000438      F        4  .text
	os_critical_open                   0x00000438    w F        4  .text
	__GI_os_critical_enter             0x0000043c      F        4  .text
	os_critical_enter                  0x0000043c    w F        4  .text
	__GI_os_critical_exit              0x00000440      F        4  .text
	os_critical_exit                   0x00000440    w F        4  .text
	__GI_os_critical_close             0x00000444      F        4  .text
	os_critical_close                  0x00000444    w F        4  .text
	__v2_printf                        0x00000448      F      368  .text
	__v2_printf$DS                     0x00000448      F      368  .text
	__main                             0x000005b8      F       56  .text.__main
	BT_DeInit                          0x000005f0      F       28  .text.BT_DeInit
	BT_IO_Init                         0x0000060c      F      332  .text.BT_IO_Init
	BT_Start                           0x00000758      F        8  .text.BT_Start
	BT_Configure                       0x00000760      F       24  .text.BT_Configure
	BT_ControlSet_Configure            0x00000778      F       44  .text.BT_ControlSet_Configure
	BT_Period_CMP_Write                0x000007a4      F        6  .text.BT_Period_CMP_Write
	BT_ConfigInterrupt_CMD             0x000007aa      F       18  .text.BT_ConfigInterrupt_CMD
	BT0_INT_ENABLE                     0x000007bc      F       16  .text.BT0_INT_ENABLE
	GPIO_Init                          0x000007cc      F      224  .text.GPIO_Init
	GPIO_Write_High                    0x000008ac      F        8  .text.GPIO_Write_High
	GPIO_Write_Low                     0x000008b4      F        8  .text.GPIO_Write_Low
	GPIO_Reverse                       0x000008bc      F       22  .text.GPIO_Reverse
	I2C_DeInit                         0x000008d4      F       24  .text.I2C_DeInit
	I2C_Slave_CONFIG                   0x000008ec      F      316  .text.I2C_Slave_CONFIG
	I2C_SDA_TSETUP_THOLD_CONFIG        0x00000a28      F       20  .text.I2C_SDA_TSETUP_THOLD_CONFIG
	I2C_ConfigInterrupt_CMD            0x00000a3c      F       28  .text.I2C_ConfigInterrupt_CMD
	I2C_FIFO_TriggerData               0x00000a58      F       16  .text.I2C_FIFO_TriggerData
	I2C_Enable                         0x00000a68      F       28  .text.I2C_Enable
	I2C_Disable                        0x00000a84      F       28  .text.I2C_Disable
	I2C_Int_Enable                     0x00000aa0      F       16  .text.I2C_Int_Enable
	I2C_Slave_Receive                  0x00000ab0      F      384  .text.I2C_Slave_Receive
	SYSCON_RST_VALUE                   0x00000ca4      F       88  .text.SYSCON_RST_VALUE
	SYSCON_General_CMD                 0x00000cfc      F       48  .text.SYSCON_General_CMD
	SystemCLK_HCLKDIV_PCLKDIV_Config   0x00000d2c      F      116  .text.SystemCLK_HCLKDIV_PCLKDIV_Config
	SYSCON_HFOSC_SELECTE               0x00000da0      F       40  .text.SYSCON_HFOSC_SELECTE
	SYSCON_WDT_CMD                     0x00000dc8      F       60  .text.SYSCON_WDT_CMD
	SYSCON_IWDCNT_Reload               0x00000e04      F       20  .text.SYSCON_IWDCNT_Reload
	SYSCON_IWDCNT_Config               0x00000e18      F       24  .text.SYSCON_IWDCNT_Config
	SYSCON_LVD_Config                  0x00000e30      F       32  .text.SYSCON_LVD_Config
	EXTI_trigger_CMD                   0x00000e50      F       64  .text.EXTI_trigger_CMD
	SYSCON_INT_Priority                0x00000e90      F       32  .text.SYSCON_INT_Priority
	UART1_DeInit                       0x00000eb0      F       24  .text.UART1_DeInit
	UART_IO_Init                       0x00000ec8      F      236  .text.UART_IO_Init
	UARTInitRxTxIntEn                  0x00000fb4      F       16  .text.UARTInitRxTxIntEn
	UARTTxByte                         0x00000fc4      F       14  .text.UARTTxByte
	WWDT_CNT_Load                      0x00000fd4      F       16  .text.WWDT_CNT_Load
	delay_nms                          0x00000fe4      F       44  .text.delay_nms
	GPIO_CONFIG                        0x00001010      F       36  .text.GPIO_CONFIG
	BT_CONFIG                          0x00001034      F      104  .text.BT_CONFIG
	I2C_SLAVE_CONFIG                   0x0000109c      F      104  .text.I2C_SLAVE_CONFIG
	UART1_CONFIG                       0x00001104      F       32  .text.UART1_CONFIG
	SYSCON_CONFIG                      0x00001124      F       84  .text.SYSCON_CONFIG
	APT32S1028_init                    0x00001178      F       56  .text.APT32S1028_init
	CORETHandler                       0x000011b0      F       24  .text.CORETHandler
	SYSCONIntHandler                   0x000011c8      F      228  .text.SYSCONIntHandler
	IFCIntHandler                      0x000012ac      F      236  .text.IFCIntHandler
	EPT0IntHandler                     0x00001398      F      424  .text.EPT0IntHandler
	WWDTHandler                        0x00001540      F       76  .text.WWDTHandler
	GPT0IntHandler                     0x0000158c      F      180  .text.GPT0IntHandler
	RTCIntHandler                      0x00001640      F      112  .text.RTCIntHandler
	UART0IntHandler                    0x000016b0      F       84  .text.UART0IntHandler
	UART1IntHandler                    0x00001704      F       84  .text.UART1IntHandler
	UART2IntHandler                    0x00001758      F       84  .text.UART2IntHandler
	I2CIntHandler                      0x000017ac      F       20  .text.I2CIntHandler
	SPI0IntHandler                     0x000017c0      F       60  .text.SPI0IntHandler
	SIO0IntHandler                     0x000017fc      F      132  .text.SIO0IntHandler
	EXI0IntHandler                     0x00001880      F       32  .text.EXI0IntHandler
	EXI1IntHandler                     0x000018a0      F       32  .text.EXI1IntHandler
	EXI2to3IntHandler                  0x000018c0      F       44  .text.EXI2to3IntHandler
	EXI4to9IntHandler                  0x000018ec      F       92  .text.EXI4to9IntHandler
	EXI10to15IntHandler                0x00001948      F       96  .text.EXI10to15IntHandler
	LPTIntHandler                      0x000019a8      F       52  .text.LPTIntHandler
	BT0IntHandler                      0x000019dc      F       84  .text.BT0IntHandler
	BT1IntHandler                      0x00001a30      F       72  .text.BT1IntHandler
	PriviledgeVioHandler               0x00001a78      F        2  .text.PriviledgeVioHandler
	PendTrapHandler                    0x00001a7a      F        8  .text.PendTrapHandler
	Trap3Handler                       0x00001a82      F        8  .text.Trap3Handler
	Trap2Handler                       0x00001a8a      F        8  .text.Trap2Handler
	Trap1Handler                       0x00001a92      F        8  .text.Trap1Handler
	Trap0Handler                       0x00001a9a      F        8  .text.Trap0Handler
	UnrecExecpHandler                  0x00001aa2      F        8  .text.UnrecExecpHandler
	BreakPointHandler                  0x00001aaa      F        8  .text.BreakPointHandler
	AccessErrHandler                   0x00001ab2      F        8  .text.AccessErrHandler
	IllegalInstrHandler                0x00001aba      F        8  .text.IllegalInstrHandler
	MisalignedHandler                  0x00001ac2      F        8  .text.MisalignedHandler
	CNTAIntHandler                     0x00001aca      F        8  .text.CNTAIntHandler
	ADCIntHandler                      0x00001ad2      F        8  .text.ADCIntHandler
	Task1                              0x00001adc      F       24  .text.Task1
	Task2                              0x00001af4      F       24  .text.Task2
	StartTask                          0x00001b0c      F      156  .text.StartTask
	fputc                              0x00001ba8      F       36  .text.fputc
	main                               0x00001bcc      F       84  .text.startup.main
	__udivsi3                          0x00001c20      F       36  .text.__udivsi3
	__umodsi3                          0x00001c44      F       36  .text.__umodsi3
	CK_CPU_EnAllNormalIrq              0x00001c68      F        6  .text.CK_CPU_EnAllNormalIrq
	vListInitialise                    0x00001c6e      F       20  .text.vListInitialise
	vListInitialiseItem                0x00001c82      F        6  .text.vListInitialiseItem
	vListInsertEnd                     0x00001c88      F       24  .text.vListInsertEnd
	vListInsert                        0x00001ca0      F       48  .text.vListInsert
	uxListRemove                       0x00001cd0      F       34  .text.uxListRemove
	xTaskCreate                        0x00001dfc      F      452  .text.xTaskCreate
	vTaskDelete                        0x00001fc0      F      188  .text.vTaskDelete
	vTaskStartScheduler                0x0000207c      F      108  .text.vTaskStartScheduler
	vTaskSuspendAll                    0x000020e8      F       16  .text.vTaskSuspendAll
	xTaskIncrementTick                 0x000020f8      F      320  .text.xTaskIncrementTick
	xTaskResumeAll                     0x00002238      F      316  .text.xTaskResumeAll
	vTaskDelay                         0x00002374      F      104  .text.vTaskDelay
	vTaskSwitchContext                 0x000023dc      F      148  .text.vTaskSwitchContext
	pvPortMalloc                       0x000024b4      F      296  .text.pvPortMalloc
	vPortFree                          0x000025dc      F      104  .text.vPortFree
	pxPortInitialiseStack              0x00002644      F      160  .text.pxPortInitialiseStack
	xPortStartScheduler                0x000026e4      F       20  .text.xPortStartScheduler
	vPortEnterCritical                 0x000026f8      F       20  .text.vPortEnterCritical
	vPortExitCritical                  0x0000270c      F       52  .text.vPortExitCritical
	xPortSysTickHandler                0x00002740      F       56  .text.xPortSysTickHandler
	vApplicationStackOverflowHook      0x00002778    w F        2  .text.vApplicationStackOverflowHook
	vApplicationMallocFailedHook       0x0000277a    w F        2  .text.vApplicationMallocFailedHook
	std_clk_calib                      0x0000277c      F      652  .text.std_clk_calib
	_end_rodata                        0x00002b7c               0  .rodata
	HWD                                0x20000000      O        4  .data
	_start_data                        0x20000000               0  .data
	CRC                                0x20000004      O        4  .data
	BT1                                0x20000008      O        4  .data
	BT0                                0x2000000c      O        4  .data
	WWDT                               0x20000010      O        4  .data
	LPT                                0x20000014      O        4  .data
	RTC                                0x20000018      O        4  .data
	ETCB                               0x2000001c      O        4  .data
	EPT0                               0x20000020      O        4  .data
	GPT0                               0x20000024      O        4  .data
	CA0                                0x20000028      O        4  .data
	SIO0                               0x2000002c      O        4  .data
	I2C0                               0x20000030      O        4  .data
	SPI0                               0x20000034      O        4  .data
	UART2                              0x20000038      O        4  .data
	UART1                              0x2000003c      O        4  .data
	UART0                              0x20000040      O        4  .data
	GPIOGRP                            0x20000044      O        4  .data
	GPIOB0                             0x20000048      O        4  .data
	GPIOA0                             0x2000004c      O        4  .data
	ADC0                               0x20000050      O        4  .data
	TKEYBUF                            0x20000054      O        4  .data
	TKEY                               0x20000058      O        4  .data
	SYSCON                             0x2000005c      O        4  .data
	IFC                                0x20000060      O        4  .data
	CK801                              0x20000064      O        4  .data
	uxTopUsedPriority                  0x20000068      O        4  .data
	ulCriticalNesting                  0x2000006c      O        4  .data
	stderr                             0x20000070      O        4  .data
	stdout                             0x20000090      O        4  .data
	stdin                              0x200000b0      O        4  .data
	_end_data                          0x200000d0               0  .data
	_bss_start                         0x200000d0               0  .bss
	f_ERROR                            0x200000d0      O        1  .bss
	RdIndex                            0x200000d1      O        1  .bss
	WrIndex                            0x200000d2      O        1  .bss
	R_READ_BUF                         0x200000d4      O        2  .bss
	f_Drom_writing                     0x200000d6      O        1  .bss
	f_Drom_write_complete              0x200000d7      O        1  .bss
	RxDataFlag                         0x200000d8      O        1  .bss
	TxDataFlag                         0x200000d9      O        1  .bss
	pxCurrentTCB                       0x200000e8      O        4  .bss
	pendsvflag                         0x20000dfc      O        4  .bss
	R_IIC_ERROR_CONT                   0x20000e00      O        4  .bss
	I2C_St_Adress                      0x20000e04      O        1  .bss
	I2CWrBuffer                        0x20000e05      O       32  .bss
	I2C_Data_Adress                    0x20000e25      O        1  .bss
	I2CRdBuffer                        0x20000e26      O       32  .bss
	R_INT_FlashAdd                     0x20000e48      O        4  .bss
	ifc_step                           0x20000e4c      O        1  .bss
	R_CMPB_BUF                         0x20000e50      O        4  .bss
	R_SIOTX_count                      0x20000e54      O        4  .bss
	R_CMPA_BUF                         0x20000e58      O        4  .bss
	R_SIORX_count                      0x20000e5c      O        4  .bss
	R_SIORX_buf                        0x20000e60      O       40  .bss
	STARTTASK_HANDLE                   0x20000e88      O        4  .bss
	TASK2_HANDLE                       0x20000e8c      O        4  .bss
	TASK1_HANDLE                       0x20000e90      O        4  .bss
	_ebss                              0x20000e94               0  .bss
	_end                               0x20000e94               0  .bss
	end                                0x20000e94               0  .bss
	__kernel_stack                     0x20000ff8               0  .text

	(w:Weak    d:Deubg    F:Function    f:File name    O:Zero)


======================================================================

Memory Map of the image

    Image Entry point : 0x00000108

    Region ROM (Base: 0x00000000, Size: 0x00002b7c, Max: 0x00010000)

    Base Addr    Size         Type   Attr      Idx   Section Name       Object
    0x00000000   0x000001b0   Code   RO         16  .text          	Obj/arch_crt0.o
    0x000001b0   0x000000b0   Code   RO       1075  .text          	Obj/E801_portasm.o
    0x00000260   0x00000014   Code   RO       1113  .text          	_csky_case_uqi.o
    0x00000274   0x00000022   Code   RO       1125  .text          	printf_required.o
    0x00000296   0x00000002   PAD
    0x00000298   0x00000018   Code   RO       1132  .text          	puts.o
    0x000002b0   0x00000054   Code   RO       1139  .text          	vprintf_required.o
    0x00000304   0x00000048   Code   RO       1152  .text          	fputs.o
    0x0000034c   0x00000088   Code   RO       1159  .text          	memset_fast.o
    0x000003d4   0x00000064   Code   RO       1164  .text          	memcpy_fast.o
    0x00000438   0x00000010   Code   RO       1170  .text          	critical.o
    0x00000448   0x00000170   Code   RO       1250  .text          	__v2_printfDS.o
    0x000005b8   0x00000038   Code   RO         28  .text.__main   	Obj/arch_mem_init.o
    0x000005f0   0x0000001c   Code   RO         95  .text.BT_DeInit	Obj/FWlib_apt32s1028_bt.o
    0x0000060c   0x0000014c   Code   RO         96  .text.BT_IO_Init	Obj/FWlib_apt32s1028_bt.o
    0x00000758   0x00000008   Code   RO         97  .text.BT_Start 	Obj/FWlib_apt32s1028_bt.o
    0x00000760   0x00000018   Code   RO        100  .text.BT_Configure	Obj/FWlib_apt32s1028_bt.o
    0x00000778   0x0000002c   Code   RO        101  .text.BT_ControlSet_Configure	Obj/FWlib_apt32s1028_bt.o
    0x000007a4   0x00000006   Code   RO        102  .text.BT_Period_CMP_Write	Obj/FWlib_apt32s1028_bt.o
    0x000007aa   0x00000012   Code   RO        109  .text.BT_ConfigInterrupt_CMD	Obj/FWlib_apt32s1028_bt.o
    0x000007bc   0x00000010   Code   RO        110  .text.BT0_INT_ENABLE	Obj/FWlib_apt32s1028_bt.o
    0x000007cc   0x000000e0   Code   RO        286  .text.GPIO_Init	Obj/FWlib_apt32s1028_gpio.o
    0x000008ac   0x00000008   Code   RO        301  .text.GPIO_Write_High	Obj/FWlib_apt32s1028_gpio.o
    0x000008b4   0x00000008   Code   RO        302  .text.GPIO_Write_Low	Obj/FWlib_apt32s1028_gpio.o
    0x000008bc   0x00000016   Code   RO        304  .text.GPIO_Reverse	Obj/FWlib_apt32s1028_gpio.o
    0x000008d4   0x00000018   Code   RO        385  .text.I2C_DeInit	Obj/FWlib_apt32s1028_i2c.o
    0x000008ec   0x0000013c   Code   RO        387  .text.I2C_Slave_CONFIG	Obj/FWlib_apt32s1028_i2c.o
    0x00000a28   0x00000014   Code   RO        388  .text.I2C_SDA_TSETUP_THOLD_CONFIG	Obj/FWlib_apt32s1028_i2c.o
    0x00000a3c   0x0000001c   Code   RO        389  .text.I2C_ConfigInterrupt_CMD	Obj/FWlib_apt32s1028_i2c.o
    0x00000a58   0x00000010   Code   RO        390  .text.I2C_FIFO_TriggerData	Obj/FWlib_apt32s1028_i2c.o
    0x00000a68   0x0000001c   Code   RO        392  .text.I2C_Enable	Obj/FWlib_apt32s1028_i2c.o
    0x00000a84   0x0000001c   Code   RO        393  .text.I2C_Disable	Obj/FWlib_apt32s1028_i2c.o
    0x00000aa0   0x00000010   Code   RO        398  .text.I2C_Int_Enable	Obj/FWlib_apt32s1028_i2c.o
    0x00000ab0   0x00000180   Code   RO        404  .text.I2C_Slave_Receive	Obj/FWlib_apt32s1028_i2c.o
    0x00000c30   0x00000074   Code   RO        573  .text.SYSCON_General_CMD.part.0	Obj/FWlib_apt32s1028_syscon.o
    0x00000ca4   0x00000058   Code   RO        574  .text.SYSCON_RST_VALUE	Obj/FWlib_apt32s1028_syscon.o
    0x00000cfc   0x00000030   Code   RO        576  .text.SYSCON_General_CMD	Obj/FWlib_apt32s1028_syscon.o
    0x00000d2c   0x00000074   Code   RO        577  .text.SystemCLK_HCLKDIV_PCLKDIV_Config	Obj/FWlib_apt32s1028_syscon.o
    0x00000da0   0x00000028   Code   RO        579  .text.SYSCON_HFOSC_SELECTE	Obj/FWlib_apt32s1028_syscon.o
    0x00000dc8   0x0000003c   Code   RO        580  .text.SYSCON_WDT_CMD	Obj/FWlib_apt32s1028_syscon.o
    0x00000e04   0x00000014   Code   RO        581  .text.SYSCON_IWDCNT_Reload	Obj/FWlib_apt32s1028_syscon.o
    0x00000e18   0x00000018   Code   RO        582  .text.SYSCON_IWDCNT_Config	Obj/FWlib_apt32s1028_syscon.o
    0x00000e30   0x00000020   Code   RO        583  .text.SYSCON_LVD_Config	Obj/FWlib_apt32s1028_syscon.o
    0x00000e50   0x00000040   Code   RO        589  .text.EXTI_trigger_CMD	Obj/FWlib_apt32s1028_syscon.o
    0x00000e90   0x00000020   Code   RO        622  .text.SYSCON_INT_Priority	Obj/FWlib_apt32s1028_syscon.o
    0x00000eb0   0x00000018   Code   RO        654  .text.UART1_DeInit	Obj/FWlib_apt32s1028_uart.o
    0x00000ec8   0x000000ec   Code   RO        668  .text.UART_IO_Init	Obj/FWlib_apt32s1028_uart.o
    0x00000fb4   0x00000010   Code   RO        670  .text.UARTInitRxTxIntEn	Obj/FWlib_apt32s1028_uart.o
    0x00000fc4   0x0000000e   Code   RO        673  .text.UARTTxByte	Obj/FWlib_apt32s1028_uart.o
    0x00000fd4   0x00000010   Code   RO        696  .text.WWDT_CNT_Load	Obj/FWlib_apt32s1028_wwdt.o
    0x00000fe4   0x0000002c   Code   RO        713  .text.delay_nms	Obj/apt32s1028_initial.o
    0x00001010   0x00000024   Code   RO        715  .text.GPIO_CONFIG	Obj/apt32s1028_initial.o
    0x00001034   0x00000068   Code   RO        720  .text.BT_CONFIG	Obj/apt32s1028_initial.o
    0x0000109c   0x00000068   Code   RO        728  .text.I2C_SLAVE_CONFIG	Obj/apt32s1028_initial.o
    0x00001104   0x00000020   Code   RO        730  .text.UART1_CONFIG	Obj/apt32s1028_initial.o
    0x00001124   0x00000054   Code   RO        734  .text.SYSCON_CONFIG	Obj/apt32s1028_initial.o
    0x00001178   0x00000038   Code   RO        735  .text.APT32S1028_init	Obj/apt32s1028_initial.o
    0x000011b0   0x00000018   Code   RO        751  .text.CORETHandler	Obj/apt32s1028_interrupt.o
    0x000011c8   0x000000e4   Code   RO        752  .text.SYSCONIntHandler	Obj/apt32s1028_interrupt.o
    0x000012ac   0x000000ec   Code   RO        753  .text.IFCIntHandler	Obj/apt32s1028_interrupt.o
    0x00001398   0x000001a8   Code   RO        754  .text.EPT0IntHandler	Obj/apt32s1028_interrupt.o
    0x00001540   0x0000004c   Code   RO        755  .text.WWDTHandler	Obj/apt32s1028_interrupt.o
    0x0000158c   0x000000b4   Code   RO        756  .text.GPT0IntHandler	Obj/apt32s1028_interrupt.o
    0x00001640   0x00000070   Code   RO        757  .text.RTCIntHandler	Obj/apt32s1028_interrupt.o
    0x000016b0   0x00000054   Code   RO        758  .text.UART0IntHandler	Obj/apt32s1028_interrupt.o
    0x00001704   0x00000054   Code   RO        759  .text.UART1IntHandler	Obj/apt32s1028_interrupt.o
    0x00001758   0x00000054   Code   RO        760  .text.UART2IntHandler	Obj/apt32s1028_interrupt.o
    0x000017ac   0x00000014   Code   RO        761  .text.I2CIntHandler	Obj/apt32s1028_interrupt.o
    0x000017c0   0x0000003c   Code   RO        762  .text.SPI0IntHandler	Obj/apt32s1028_interrupt.o
    0x000017fc   0x00000084   Code   RO        763  .text.SIO0IntHandler	Obj/apt32s1028_interrupt.o
    0x00001880   0x00000020   Code   RO        764  .text.EXI0IntHandler	Obj/apt32s1028_interrupt.o
    0x000018a0   0x00000020   Code   RO        765  .text.EXI1IntHandler	Obj/apt32s1028_interrupt.o
    0x000018c0   0x0000002c   Code   RO        766  .text.EXI2to3IntHandler	Obj/apt32s1028_interrupt.o
    0x000018ec   0x0000005c   Code   RO        767  .text.EXI4to9IntHandler	Obj/apt32s1028_interrupt.o
    0x00001948   0x00000060   Code   RO        768  .text.EXI10to15IntHandler	Obj/apt32s1028_interrupt.o
    0x000019a8   0x00000034   Code   RO        769  .text.LPTIntHandler	Obj/apt32s1028_interrupt.o
    0x000019dc   0x00000054   Code   RO        770  .text.BT0IntHandler	Obj/apt32s1028_interrupt.o
    0x00001a30   0x00000048   Code   RO        771  .text.BT1IntHandler	Obj/apt32s1028_interrupt.o
    0x00001a78   0x00000002   Code   RO        772  .text.PriviledgeVioHandler	Obj/apt32s1028_interrupt.o
    0x00001a7a   0x00000008   Code   RO        774  .text.PendTrapHandler	Obj/apt32s1028_interrupt.o
    0x00001a82   0x00000008   Code   RO        775  .text.Trap3Handler	Obj/apt32s1028_interrupt.o
    0x00001a8a   0x00000008   Code   RO        776  .text.Trap2Handler	Obj/apt32s1028_interrupt.o
    0x00001a92   0x00000008   Code   RO        777  .text.Trap1Handler	Obj/apt32s1028_interrupt.o
    0x00001a9a   0x00000008   Code   RO        778  .text.Trap0Handler	Obj/apt32s1028_interrupt.o
    0x00001aa2   0x00000008   Code   RO        779  .text.UnrecExecpHandler	Obj/apt32s1028_interrupt.o
    0x00001aaa   0x00000008   Code   RO        780  .text.BreakPointHandler	Obj/apt32s1028_interrupt.o
    0x00001ab2   0x00000008   Code   RO        781  .text.AccessErrHandler	Obj/apt32s1028_interrupt.o
    0x00001aba   0x00000008   Code   RO        782  .text.IllegalInstrHandler	Obj/apt32s1028_interrupt.o
    0x00001ac2   0x00000008   Code   RO        783  .text.MisalignedHandler	Obj/apt32s1028_interrupt.o
    0x00001aca   0x00000008   Code   RO        784  .text.CNTAIntHandler	Obj/apt32s1028_interrupt.o
    0x00001ad2   0x00000008   Code   RO        785  .text.ADCIntHandler	Obj/apt32s1028_interrupt.o
    0x00001adc   0x00000018   Code   RO        801  .text.Task1    	Obj/main.o
    0x00001af4   0x00000018   Code   RO        802  .text.Task2    	Obj/main.o
    0x00001b0c   0x0000009c   Code   RO        803  .text.StartTask	Obj/main.o
    0x00001ba8   0x00000024   Code   RO        805  .text.fputc    	Obj/main.o
    0x00001bcc   0x00000054   Code   RO        806  .text.startup.main	Obj/main.o
    0x00001c20   0x00000024   Code   RO        825  .text.__udivsi3	Obj/drivers_apt32s1028.o
    0x00001c44   0x00000024   Code   RO        827  .text.__umodsi3	Obj/drivers_apt32s1028.o
    0x00001c68   0x00000006   Code   RO        845  .text.CK_CPU_EnAllNormalIrq	Obj/drivers_apt32s1028_ck801.o
    0x00001c6e   0x00000014   Code   RO        896  .text.vListInitialise	Obj/FreeRTOS_list.o
    0x00001c82   0x00000006   Code   RO        897  .text.vListInitialiseItem	Obj/FreeRTOS_list.o
    0x00001c88   0x00000018   Code   RO        898  .text.vListInsertEnd	Obj/FreeRTOS_list.o
    0x00001ca0   0x00000030   Code   RO        899  .text.vListInsert	Obj/FreeRTOS_list.o
    0x00001cd0   0x00000022   Code   RO        900  .text.uxListRemove	Obj/FreeRTOS_list.o
    0x00001cf4   0x0000001c   Code   RO        958  .text.prvResetNextTaskUnblockTime	Obj/FreeRTOS_tasks.o
    0x00001d10   0x00000080   Code   RO        959  .text.prvAddCurrentTaskToDelayedList	Obj/FreeRTOS_tasks.o
    0x00001d90   0x0000006c   Code   RO        960  .text.prvIdleTask	Obj/FreeRTOS_tasks.o
    0x00001dfc   0x000001c4   Code   RO        961  .text.xTaskCreate	Obj/FreeRTOS_tasks.o
    0x00001fc0   0x000000bc   Code   RO        962  .text.vTaskDelete	Obj/FreeRTOS_tasks.o
    0x0000207c   0x0000006c   Code   RO        968  .text.vTaskStartScheduler	Obj/FreeRTOS_tasks.o
    0x000020e8   0x00000010   Code   RO        970  .text.vTaskSuspendAll	Obj/FreeRTOS_tasks.o
    0x000020f8   0x00000140   Code   RO        975  .text.xTaskIncrementTick	Obj/FreeRTOS_tasks.o
    0x00002238   0x0000013c   Code   RO        976  .text.xTaskResumeAll	Obj/FreeRTOS_tasks.o
    0x00002374   0x00000068   Code   RO        978  .text.vTaskDelay	Obj/FreeRTOS_tasks.o
    0x000023dc   0x00000094   Code   RO        980  .text.vTaskSwitchContext	Obj/FreeRTOS_tasks.o
    0x00002470   0x00000044   Code   RO       1030  .text.prvInsertBlockIntoFreeList	Obj/MemMang_heap_4.o
    0x000024b4   0x00000128   Code   RO       1031  .text.pvPortMalloc	Obj/MemMang_heap_4.o
    0x000025dc   0x00000068   Code   RO       1032  .text.vPortFree	Obj/MemMang_heap_4.o
    0x00002644   0x000000a0   Code   RO       1054  .text.pxPortInitialiseStack	Obj/E801_port.o
    0x000026e4   0x00000014   Code   RO       1055  .text.xPortStartScheduler	Obj/E801_port.o
    0x000026f8   0x00000014   Code   RO       1057  .text.vPortEnterCritical	Obj/E801_port.o
    0x0000270c   0x00000034   Code   RO       1058  .text.vPortExitCritical	Obj/E801_port.o
    0x00002740   0x00000038   Code   RO       1059  .text.xPortSysTickHandler	Obj/E801_port.o
    0x00002778   0x00000002   Code   RO       1061  .text.vApplicationStackOverflowHook	Obj/E801_port.o
    0x0000277a   0x00000002   Code   RO       1062  .text.vApplicationMallocFailedHook	Obj/E801_port.o
    0x0000277c   0x0000028c   Code   RO       1096  .text.std_clk_calib	FWlib_apt32f102_clkcalib.o
    0x00002a08   0x00000128   Data   RO        807  .rodata.str1.1 	Obj/main.o
    0x00002b30   0x00000027   Data   RO       1003  .rodata.str1.1 	Obj/FreeRTOS_tasks.o
    0x00002b57   0x00000023   Data   RO       1038  .rodata.str1.1 	Obj/MemMang_heap_4.o
    0x00002b7a   0x00000002   PAD

    Region RAM (Base: 0x20000000, Size: 0x00000e94, Max: 0x00001000)

    Base Addr    Size         Type   Attr      Idx   Section Name       Object
    0x20000000   0x00000068   Data   RW        822  .data          	Obj/drivers_apt32s1028.o
    0x20000068   0x00000004   Data   RW        956  .data          	Obj/FreeRTOS_tasks.o
    0x2000006c   0x00000004   Data   RW       1052  .data          	Obj/E801_port.o
    0x20000070   0x00000060   Data   RW       1147  .data          	stdinit.o
    0x200000d0   0x00000006   Zero   RW        384  .bss           	Obj/FWlib_apt32s1028_i2c.o
    0x200000d6   0x00000002   Zero   RW        420  .bss           	Obj/FWlib_apt32s1028_ifc.o
    0x200000d8   0x00000002   Zero   RW        652  .bss           	Obj/FWlib_apt32s1028_uart.o
    0x200000da   0x00000002   PAD
    0x200000dc   0x00000104   Zero   RW        957  .bss           	Obj/FreeRTOS_tasks.o
    0x200001e0   0x00000c1c   Zero   RW       1029  .bss           	Obj/MemMang_heap_4.o
    0x20000dfc   0x00000004   Zero   RW       1053  .bss           	Obj/E801_port.o
    0x20000e00   0x00000046   Zero   RW        417  COMMON         	Obj/FWlib_apt32s1028_i2c.o
    0x20000e46   0x00000002   PAD
    0x20000e48   0x00000005   Zero   RW        442  COMMON         	Obj/FWlib_apt32s1028_ifc.o
    0x20000e4d   0x00000003   PAD
    0x20000e50   0x00000038   Zero   RW        797  COMMON         	Obj/apt32s1028_interrupt.o
    0x20000e88   0x0000000c   Zero   RW        820  COMMON         	Obj/main.o

    Region *default* (Base: 0x00000000, Size: 0x00000000, Max: 0xffffffff)


======================================================================

Image component sizes

       Code    RO Data    RW Data    ZI Data      Debug   Object Name

          0          0          0          0          0   linker stubs
        432          0          0          0        268   Obj/arch_crt0.o
         56          0          0          0        804   Obj/arch_mem_init.o
          0          0          0          0          0   Obj/arch_apt32s1028_iostring.o
          0          0          0          0          0   Obj/FWlib_apt32s1028_adc.o
        476          0          0          0      13994   Obj/FWlib_apt32s1028_bt.o
          0          0          0          0          0   Obj/FWlib_apt32s1028_coret.o
          0          0          0          0          0   Obj/FWlib_apt32s1028_countera.o
          0          0          0          0          0   Obj/FWlib_apt32s1028_crc.o
          0          0          0          0          0   Obj/FWlib_apt32s1028_ept.o
          0          0          0          0          0   Obj/FWlib_apt32s1028_et.o
        262          0          0          0      13119   Obj/FWlib_apt32s1028_gpio.o
          0          0          0          0          0   Obj/FWlib_apt32s1028_gpt.o
          0          0          0          0          0   Obj/FWlib_apt32s1028_hwdiv.o
        860          0          0         76      12782   Obj/FWlib_apt32s1028_i2c.o
          0          0          0          7      16212   Obj/FWlib_apt32s1028_ifc.o
          0          0          0          0          0   Obj/FWlib_apt32s1028_lpt.o
          0          0          0          0          0   Obj/FWlib_apt32s1028_rtc.o
          0          0          0          0          0   Obj/FWlib_apt32s1028_sio.o
          0          0          0          0          0   Obj/FWlib_apt32s1028_spi.o
        640          0          0          0      16905   Obj/FWlib_apt32s1028_syscon.o
          0          0          0          0          0   Obj/FWlib_apt32s1028_tkey_parameter.o
        290          0          0          2      11297   Obj/FWlib_apt32s1028_uart.o
         16          0          0          0       8347   Obj/FWlib_apt32s1028_wwdt.o
        460          0          0          0      23498   Obj/apt32s1028_initial.o
       2346          0          0         56      12773   Obj/apt32s1028_interrupt.o
        324        296          0         12       9384   Obj/main.o
         72          0        104          0       8390   Obj/drivers_apt32s1028.o
          6          0          0          0       8331   Obj/drivers_apt32s1028_ck801.o
          0          0          0          0          0   Obj/FreeRTOS_croutine.o
          0          0          0          0          0   Obj/FreeRTOS_event_groups.o
        132          0          0          0       2205   Obj/FreeRTOS_list.o
          0          0          0          0          0   Obj/FreeRTOS_queue.o
       1916         39          4        260      22372   Obj/FreeRTOS_tasks.o
          0          0          0          0          0   Obj/FreeRTOS_timers.o
        468         35          0       3100       4300   Obj/MemMang_heap_4.o
        312          0          4          4       2942   Obj/E801_port.o
        176          0          0          0        323   Obj/E801_portasm.o
          0          0          0          0          0   Obj/__rt_entry.o
	------------------------------------------------------------
       9244        370        112       3517     188246   Object Totals
          2          2          0          7          0   Pad
          0          0          0          0          0   LD_GEN

	------------------------------------------------------------
    [Library Name]: .\lib_102ClkCalib_V3_20211213.a
	------------------------------------------------------------
       Code    RO Data    RW Data    ZI Data      Debug   Library Member Name

        652          0          0          0       8624   FWlib_apt32f102_clkcalib.o
	------------------------------------------------------------
        652          0          0          0       8624   Library Totals
          0          0          0          0          0   Pad
          0          0          0          0          0   LD_GEN

	------------------------------------------------------------
    [Library Name]: d:/c-sky/cdkrepo/toolchain/ckv2elfminilib/v3.10.29/r/bin/../lib/gcc/csky-elfabiv2/6.3.0/ck801\libgcc.a
	------------------------------------------------------------
       Code    RO Data    RW Data    ZI Data      Debug   Library Member Name

         20          0          0          0          0   _csky_case_uqi.o
	------------------------------------------------------------
         20          0          0          0          0   Library Totals
          0          0          0          0          0   Pad
          0          0          0          0          0   LD_GEN

	------------------------------------------------------------
    [Library Name]: d:/c-sky/cdkrepo/toolchain/ckv2elfminilib/v3.10.29/r/bin/../lib/gcc/csky-elfabiv2/6.3.0/../../../../csky-elfabiv2/lib/ck801\libc.a
	------------------------------------------------------------
       Code    RO Data    RW Data    ZI Data      Debug   Library Member Name

         34          0          0          0          0   printf_required.o
         24          0          0          0          0   puts.o
         84          0          0          0          0   vprintf_required.o
          0          0         96          0          0   stdinit.o
         72          0          0          0          0   fputs.o
        136          0          0          0          0   memset_fast.o
        100          0          0          0          0   memcpy_fast.o
         16          0          0          0          0   critical.o
        368          0          0          0          0   __v2_printfDS.o
	------------------------------------------------------------
        834          0         96          0          0   Library Totals
          0          0          0          0          0   Pad
          0          0          0          0          0   LD_GEN

	------------------------------------------------------------

======================================================================


       Code    RO Data    RW Data    ZI Data      Debug
      10752        372        208       3524     196870   Grand Totals
      10752        372        208       3524     196870   Elf Image Totals
      10752        372        208          0          0   ROM Totals

======================================================================

Total	RO	Size (Code + RO Data)				11124 (  10.86kB)
Total	RW	Size (RW Data + ZI Data)			3732 (  3.64kB)
Total	ROM	Size (Code + RO Data + RW Data)		11332 (  11.07kB)

======================================================================
